Archive member included to satisfy reference by file (symbol)

D:/Program Files/SEGGER/SEGGER Embedded Studio for ARM 5.68/lib/libc_v7em_fpv4_sp_d16_hard_t_le_eabi.a(libc2.o)
                              Output/Release/Obj/direct_test_mode_pca10056/ble_dtm.o (memcmp)
D:/Program Files/SEGGER/SEGGER Embedded Studio for ARM 5.68/lib/libc_v7em_fpv4_sp_d16_hard_t_le_eabi.a(libc2_asm.o)
                              Output/Release/Obj/direct_test_mode_pca10056/nrf_memobj.o (memcpy)
D:/Program Files/SEGGER/SEGGER Embedded Studio for ARM 5.68/lib/libc_v7em_fpv4_sp_d16_hard_t_le_eabi.a(libvfprintf.o)
                              (__vfprintf_long)
D:/Program Files/SEGGER/SEGGER Embedded Studio for ARM 5.68/lib/libc_v7em_fpv4_sp_d16_hard_t_le_eabi.a(libvfscanf.o)
                              (__vfscanf_long)
D:/Program Files/SEGGER/SEGGER Embedded Studio for ARM 5.68/lib/libc_v7em_fpv4_sp_d16_hard_t_le_eabi.a(libc.o)
                              D:/Program Files/SEGGER/SEGGER Embedded Studio for ARM 5.68/lib/libc_v7em_fpv4_sp_d16_hard_t_le_eabi.a(libc2.o) (__heap_lock)
D:/Program Files/SEGGER/SEGGER Embedded Studio for ARM 5.68/lib/libc_v7em_fpv4_sp_d16_hard_t_le_eabi.a(libc_asm.o)
                              D:/Program Files/SEGGER/SEGGER Embedded Studio for ARM 5.68/lib/libc_v7em_fpv4_sp_d16_hard_t_le_eabi.a(libc2.o) (__aeabi_uldivmod)
D:/Program Files/SEGGER/SEGGER Embedded Studio for ARM 5.68/lib/libdebugio_v7em_fpv4_sp_d16_hard_t_le_eabi.a(libdebugio.o)
                              Output/Release/Obj/direct_test_mode_pca10056/thumb_crt0.o (debug_fopen)
D:/Program Files/SEGGER/SEGGER Embedded Studio for ARM 5.68/lib/libdebugio_v7em_fpv4_sp_d16_hard_t_le_eabi.a(do_nv_debug_operation.o)
                              D:/Program Files/SEGGER/SEGGER Embedded Studio for ARM 5.68/lib/libdebugio_v7em_fpv4_sp_d16_hard_t_le_eabi.a(libdebugio.o) (__do_nvdebug_operation)
D:/Program Files/SEGGER/SEGGER Embedded Studio for ARM 5.68/lib/libdebugio_v7em_fpv4_sp_d16_hard_t_le_eabi.a(mempoll_debug_operations.o)
                              (__do_debug_operation_mempoll)
D:/Program Files/SEGGER/SEGGER Embedded Studio for ARM 5.68/lib/libm_v7em_fpv4_sp_d16_hard_t_le_eabi.a(libm_asm.o)
                              D:/Program Files/SEGGER/SEGGER Embedded Studio for ARM 5.68/lib/libc_v7em_fpv4_sp_d16_hard_t_le_eabi.a(libc2.o) (__aeabi_dadd)
D:/Program Files/SEGGER/SEGGER Embedded Studio for ARM 5.68/lib/libm_v7em_fpv4_sp_d16_hard_t_le_eabi.a(libm2.o)
                              D:/Program Files/SEGGER/SEGGER Embedded Studio for ARM 5.68/lib/libc_v7em_fpv4_sp_d16_hard_t_le_eabi.a(libvfprintf.o) (frexp)

Discarded input sections

 .text          0x0000000000000000        0x0 Output/Release/Obj/direct_test_mode_pca10056/thumb_crt0.o
 .data          0x0000000000000000        0x0 Output/Release/Obj/direct_test_mode_pca10056/thumb_crt0.o
 .bss           0x0000000000000000        0x0 Output/Release/Obj/direct_test_mode_pca10056/thumb_crt0.o
 .text.__aeabi_read_tp
                0x0000000000000000        0x8 Output/Release/Obj/direct_test_mode_pca10056/thumb_crt0.o
 .text.abort    0x0000000000000000        0x2 Output/Release/Obj/direct_test_mode_pca10056/thumb_crt0.o
 .text.__assert
                0x0000000000000000        0x2 Output/Release/Obj/direct_test_mode_pca10056/thumb_crt0.o
 .text.__assert_func
                0x0000000000000000        0x2 Output/Release/Obj/direct_test_mode_pca10056/thumb_crt0.o
 .text.__aeabi_assert
                0x0000000000000000        0x2 Output/Release/Obj/direct_test_mode_pca10056/thumb_crt0.o
 .text.__sync_synchronize
                0x0000000000000000        0x2 Output/Release/Obj/direct_test_mode_pca10056/thumb_crt0.o
 .text.__getchar
                0x0000000000000000        0x4 Output/Release/Obj/direct_test_mode_pca10056/thumb_crt0.o
 .text.__putchar
                0x0000000000000000        0x4 Output/Release/Obj/direct_test_mode_pca10056/thumb_crt0.o
 .text.__open   0x0000000000000000        0x4 Output/Release/Obj/direct_test_mode_pca10056/thumb_crt0.o
 .text.__close  0x0000000000000000        0x4 Output/Release/Obj/direct_test_mode_pca10056/thumb_crt0.o
 .text.__write  0x0000000000000000        0xa Output/Release/Obj/direct_test_mode_pca10056/thumb_crt0.o
 .text.__read   0x0000000000000000        0xa Output/Release/Obj/direct_test_mode_pca10056/thumb_crt0.o
 .text.__seek   0x0000000000000000       0x1a Output/Release/Obj/direct_test_mode_pca10056/thumb_crt0.o
 .text.remove   0x0000000000000000        0x4 Output/Release/Obj/direct_test_mode_pca10056/thumb_crt0.o
 .text.rename   0x0000000000000000        0x4 Output/Release/Obj/direct_test_mode_pca10056/thumb_crt0.o
 .bss.__user_locale_name_buffer
                0x0000000000000000        0x4 Output/Release/Obj/direct_test_mode_pca10056/thumb_crt0.o
 .stack         0x0000000000000000        0x0 Output/Release/Obj/direct_test_mode_pca10056/thumb_crt0.o
 .stack_process
[...]
Memory Configuration

Name             Origin             Length             Attributes
UNPLACED_SECTIONS 0x0000000100000000 0x0000000000000000 xw
RAM1             0x0000000020000000 0x0000000000040000 xw
FLASH1           0x0000000000000000 0x0000000000100000 xw
*default*        0x0000000000000000 0xffffffffffffffff

Linker script and memory map

                0x0000000000000000                __do_debug_operation = __do_debug_operation_mempoll
                0x000000000000560c                __vfprintf = __vfprintf_long
                0x0000000000000000                __vfscanf = __vfscanf_long
                0x0000000020000000                __RAM1_segment_start__ = 0x20000000
                0x0000000020040000                __RAM1_segment_end__ = 0x20040000
                0x0000000000040000                __RAM1_segment_size__ = 0x40000
                0x0000000000000000                __FLASH1_segment_start__ = 0x0
                0x0000000000100000                __FLASH1_segment_end__ = 0x100000
                0x0000000000100000                __FLASH1_segment_size__ = 0x100000
                0x0000000000002000                __HEAPSIZE__ = 0x2000
                0x0000000000000000                __STACKSIZE_PROCESS__ = 0x0
                0x0000000000002000                __STACKSIZE__ = 0x2000
                0x0000000020000000                __vectors_ram_load_start__ = 0x20000000

.vectors_ram    0x0000000020000000        0x0
                0x0000000020000000                __vectors_ram_start__ = .
                0x0000000020000000                __app_ram_start__ = __vectors_ram_start__
 *(.vectors_ram .vectors_ram.*)
                0x0000000020000000                __vectors_ram_end__ = (__vectors_ram_start__ + SIZEOF (.vectors_ram))
                0x0000000000000000                __vectors_ram_size__ = SIZEOF (.vectors_ram)
                0x0000000020000000                __vectors_ram_load_end__ = __vectors_ram_end__
                0x0000000000000001                . = ASSERT (((__vectors_ram_start__ == __vectors_ram_end__) || ((__vectors_ram_end__ - __RAM1_segment_start__) <= __RAM1_segment_size__)), error: .vectors_ram is too large to fit in RAM1 memory segment)
                0x0000000020000000                __nrf_sections_run_load_start__ = ALIGN (__vectors_ram_end__, 0x4)

.nrf_sections_run
                0x0000000020000000        0x0
                0x0000000020000000                __nrf_sections_run_start__ = .
                0x0000000020000000                __start_nrf_sections_run = __nrf_sections_run_start__
 *(.nrf_sections_run .nrf_sections_run.*)
                0x0000000020000000                __nrf_sections_run_end__ = (__nrf_sections_run_start__ + SIZEOF (.nrf_sections_run))
                0x0000000000000000                __nrf_sections_run_size__ = SIZEOF (.nrf_sections_run)
                0x0000000020000000                __nrf_sections_run_load_end__ = __nrf_sections_run_end__
                0x0000000000000001                . = ASSERT (((__nrf_sections_run_start__ == __nrf_sections_run_end__) || ((__nrf_sections_run_end__ - __RAM1_segment_start__) <= __RAM1_segment_size__)), error: .nrf_sections_run is too large to fit in RAM1 memory segment)
                0x0000000000000000                __vectors_load_start__ = 0x0

.vectors        0x0000000000000000      0x200
                0x0000000000000000                __vectors_start__ = .
 *(.vectors .vectors.*)
 .vectors       0x0000000000000000      0x200 Output/Release/Obj/direct_test_mode_pca10056/ses_startup_nrf52840.o
                0x0000000000000000                _vectors
                0x0000000000000200                __vectors_end__ = (__vectors_start__ + SIZEOF (.vectors))
                0x0000000000000200                __vectors_size__ = SIZEOF (.vectors)
                0x0000000000000200                __vectors_load_end__ = __vectors_end__
                0x0000000000000001                . = ASSERT (((__vectors_start__ == __vectors_end__) || ((__vectors_end__ - __FLASH1_segment_start__) <= __FLASH1_segment_size__)), error: .vectors is too large to fit in FLASH1 memory segment)
                0x0000000000000200                __init_load_start__ = ALIGN (__vectors_end__, 0x4)

.init           0x0000000000000200      0x1d0
                0x0000000000000200                __init_start__ = .
 *(.init .init.*)
 .init          0x0000000000000200      0x15c Output/Release/Obj/direct_test_mode_pca10056/thumb_crt0.o
                0x0000000000000200                _start
                0x00000000000002b4                exit
 .init          0x000000000000035c       0x18 Output/Release/Obj/direct_test_mode_pca10056/ses_startup_nrf52840.o
                0x000000000000035c                NMI_Handler
                0x000000000000035e                HardFault_Handler
                0x0000000000000360                MemoryManagement_Handler
                0x0000000000000362                BusFault_Handler
                0x0000000000000364                UsageFault_Handler
                0x0000000000000366                SVC_Handler
                0x0000000000000368                DebugMon_Handler
                0x000000000000036a                PendSV_Handler
                0x000000000000036c                SysTick_Handler
                0x000000000000036e                PWM1_IRQHandler
                0x000000000000036e                GPIOTE_IRQHandler
                0x000000000000036e                RTC0_IRQHandler
                0x000000000000036e                PDM_IRQHandler
                0x000000000000036e                TEMP_IRQHandler
                0x000000000000036e                QDEC_IRQHandler
                0x000000000000036e                TIMER3_IRQHandler
                0x000000000000036e                PWM3_IRQHandler
                0x000000000000036e                FPU_IRQHandler
                0x000000000000036e                SPIM0_SPIS0_TWIM0_TWIS0_SPI0_TWI0_IRQHandler
                0x000000000000036e                QSPI_IRQHandler
                0x000000000000036e                TIMER4_IRQHandler
                0x000000000000036e                CRYPTOCELL_IRQHandler
                0x000000000000036e                SWI2_EGU2_IRQHandler
                0x000000000000036e                SWI4_EGU4_IRQHandler
                0x000000000000036e                UARTE1_IRQHandler
                0x000000000000036e                Dummy_Handler
                0x000000000000036e                SPIM3_IRQHandler
                0x000000000000036e                PWM2_IRQHandler
                0x000000000000036e                ECB_IRQHandler
                0x000000000000036e                SPIM1_SPIS1_TWIM1_TWIS1_SPI1_TWI1_IRQHandler
                0x000000000000036e                SAADC_IRQHandler
                0x000000000000036e                CCM_AAR_IRQHandler
                0x000000000000036e                WDT_IRQHandler
                0x000000000000036e                SWI0_EGU0_IRQHandler
                0x000000000000036e                SWI5_EGU5_IRQHandler
                0x000000000000036e                RNG_IRQHandler
                0x000000000000036e                RTC2_IRQHandler
                0x000000000000036e                PWM0_IRQHandler
                0x000000000000036e                SWI3_EGU3_IRQHandler
                0x000000000000036e                RTC1_IRQHandler
                0x000000000000036e                SWI1_EGU1_IRQHandler
                0x000000000000036e                SPIM2_SPIS2_SPI2_IRQHandler
                0x000000000000036e                NFCT_IRQHandler
                0x000000000000036e                I2S_IRQHandler
                0x000000000000036e                MWU_IRQHandler
                0x000000000000036e                TIMER2_IRQHandler
                0x000000000000036e                COMP_LPCOMP_IRQHandler
                0x0000000000000370                nRFInitialize
 .init          0x0000000000000374       0x5c Output/Release/Obj/direct_test_mode_pca10056/ses_startup_nrf_common.o
                0x0000000000000374                Reset_Handler
                0x0000000000000378                afterInitialize
                0x000000000000039c                InitializeUserMemorySections
                0x00000000000003d0                __init_end__ = (__init_start__ + SIZEOF (.init))
                0x00000000000001d0                __init_size__ = SIZEOF (.init)
                0x00000000000003d0                __init_load_end__ = __init_end__
                0x0000000000000001                . = ASSERT (((__init_start__ == __init_end__) || ((__init_end__ - __FLASH1_segment_start__) <= __FLASH1_segment_size__)), error: .init is too large to fit in FLASH1 memory segment)
                0x00000000000003d0                __init_rodata_load_start__ = ALIGN (__init_end__, 0x4)

.init_rodata    0x00000000000003d0        0x0
                0x00000000000003d0                __init_rodata_start__ = .
 *(.init_rodata .init_rodata.*)
                0x00000000000003d0                __init_rodata_end__ = (__init_rodata_start__ + SIZEOF (.init_rodata))
                0x0000000000000000                __init_rodata_size__ = SIZEOF (.init_rodata)
                0x00000000000003d0                __init_rodata_load_end__ = __init_rodata_end__
                0x0000000000000001                . = ASSERT (((__init_rodata_start__ == __init_rodata_end__) || ((__init_rodata_end__ - __FLASH1_segment_start__) <= __FLASH1_segment_size__)), error: .init_rodata is too large to fit in FLASH1 memory segment)
                0x00000000000003d0                __text_load_start__ = ALIGN (__init_rodata_end__, 0x4)

.text           0x00000000000003d0     0x5838
                0x00000000000003d0                __text_start__ = .
 *(.text .text.* .glue_7t .glue_7 .gnu.linkonce.t.* .gcc_except_table .ARM.extab* .gnu.linkonce.armextab.*)
 .glue_7        0x00000000000003d0        0x0 linker stubs
 .glue_7t       0x00000000000003d0        0x0 linker stubs
 .text.app_error_handler_bare
                0x00000000000003d0       0x1a Output/Release/Obj/direct_test_mode_pca10056/app_error.o
                0x00000000000003d0                app_error_handler_bare
 *fill*         0x00000000000003ea        0x2 
 .text.app_error_fault_handler
                0x00000000000003ec       0x30 Output/Release/Obj/direct_test_mode_pca10056/app_error_weak.o
                0x00000000000003ec                app_error_fault_handler
 .text.app_fifo_init
                0x000000000000041c       0x1e Output/Release/Obj/direct_test_mode_pca10056/app_fifo.o
                0x000000000000041c                app_fifo_init
 .text.app_fifo_put
                0x000000000000043a       0x24 Output/Release/Obj/direct_test_mode_pca10056/app_fifo.o
                0x000000000000043a                app_fifo_put
 .text.app_fifo_get
                0x000000000000045e       0x22 Output/Release/Obj/direct_test_mode_pca10056/app_fifo.o
                0x000000000000045e                app_fifo_get
 .text.nrf_drv_uart_rx.constprop.0
                0x0000000000000480       0x28 Output/Release/Obj/direct_test_mode_pca10056/app_uart_fifo.o
 .text.nrf_drv_uart_tx.constprop.0
                0x00000000000004a8       0x28 Output/Release/Obj/direct_test_mode_pca10056/app_uart_fifo.o
 .text.uart_event_handler
                0x00000000000004d0       0xa0 Output/Release/Obj/direct_test_mode_pca10056/app_uart_fifo.o
 .text.app_uart_init
                0x0000000000000570       0xb0 Output/Release/Obj/direct_test_mode_pca10056/app_uart_fifo.o
                0x0000000000000570                app_uart_init
 .text.app_util_disable_irq
                0x0000000000000620       0x10 Output/Release/Obj/direct_test_mode_pca10056/app_util_platform.o
                0x0000000000000620                app_util_disable_irq
 .text.app_util_enable_irq
                0x0000000000000630       0x14 Output/Release/Obj/direct_test_mode_pca10056/app_util_platform.o
                0x0000000000000630                app_util_enable_irq
 .text.app_util_critical_region_enter
                0x0000000000000644        0x4 Output/Release/Obj/direct_test_mode_pca10056/app_util_platform.o
                0x0000000000000644                app_util_critical_region_enter
 .text.app_util_critical_region_exit
                0x0000000000000648        0x4 Output/Release/Obj/direct_test_mode_pca10056/app_util_platform.o
                0x0000000000000648                app_util_critical_region_exit
 .text.nrf_atomic_u32_fetch_store
                0x000000000000064c       0x16 Output/Release/Obj/direct_test_mode_pca10056/nrf_atomic.o
                0x000000000000064c                nrf_atomic_u32_fetch_store
 .text.nrf_atomic_u32_fetch_and
                0x0000000000000662       0x18 Output/Release/Obj/direct_test_mode_pca10056/nrf_atomic.o
                0x0000000000000662                nrf_atomic_u32_fetch_and
 .text.nrf_atomic_u32_add
                0x000000000000067a       0x18 Output/Release/Obj/direct_test_mode_pca10056/nrf_atomic.o
                0x000000000000067a                nrf_atomic_u32_add
 .text.nrf_atomic_u32_sub_hs
                0x0000000000000692       0x1c Output/Release/Obj/direct_test_mode_pca10056/nrf_atomic.o
                0x0000000000000692                nrf_atomic_u32_sub_hs
 .text.nrf_atomic_flag_clear_fetch
                0x00000000000006ae        0x6 Output/Release/Obj/direct_test_mode_pca10056/nrf_atomic.o
                0x00000000000006ae                nrf_atomic_flag_clear_fetch
 .text.class_event_handler
                0x00000000000006b4        0x6 Output/Release/Obj/direct_test_mode_pca10056/app_usbd.o
 *fill*         0x00000000000006ba        0x2 
 .text.user_event_state_proc
                0x00000000000006bc       0x10 Output/Release/Obj/direct_test_mode_pca10056/app_usbd.o
 .text.app_usbd_ep_conf_access
                0x00000000000006cc       0x1c Output/Release/Obj/direct_test_mode_pca10056/app_usbd.o
 .text.app_usbd_ep_instance_set
                0x00000000000006e8       0x12 Output/Release/Obj/direct_test_mode_pca10056/app_usbd.o
 *fill*         0x00000000000006fa        0x2 
 .text.app_usbd_core_handler_call.isra.0
                0x00000000000006fc       0x10 Output/Release/Obj/direct_test_mode_pca10056/app_usbd.o
 .text.sustate_set
                0x000000000000070c       0x80 Output/Release/Obj/direct_test_mode_pca10056/app_usbd.o
 .text.app_usbd_event_add
                0x000000000000078c       0xd4 Output/Release/Obj/direct_test_mode_pca10056/app_usbd.o
 .text.app_usbd_event_handler
                0x0000000000000860        0x4 Output/Release/Obj/direct_test_mode_pca10056/app_usbd.o
 .text.app_usbd_power_event_handler
                0x0000000000000864       0x28 Output/Release/Obj/direct_test_mode_pca10056/app_usbd.o
 .text.app_usbd_hfclk_ready
                0x000000000000088c        0xc Output/Release/Obj/direct_test_mode_pca10056/app_usbd.o
 .text.app_usbd_class_descriptor_find
                0x0000000000000898       0xa8 Output/Release/Obj/direct_test_mode_pca10056/app_usbd.o
                0x0000000000000898                app_usbd_class_descriptor_find
 .text.app_usbd_init
                0x0000000000000940       0xe8 Output/Release/Obj/direct_test_mode_pca10056/app_usbd.o
                0x0000000000000940                app_usbd_init
 .text.app_usbd_power_events_enable
                0x0000000000000a28       0x30 Output/Release/Obj/direct_test_mode_pca10056/app_usbd.o
                0x0000000000000a28                app_usbd_power_events_enable
 .text.app_usbd_enable
                0x0000000000000a58        0x4 Output/Release/Obj/direct_test_mode_pca10056/app_usbd.o
                0x0000000000000a58                app_usbd_enable
 .text.app_usbd_disable
                0x0000000000000a5c        0x4 Output/Release/Obj/direct_test_mode_pca10056/app_usbd.o
                0x0000000000000a5c                app_usbd_disable
 .text.app_usbd_start
                0x0000000000000a60       0x20 Output/Release/Obj/direct_test_mode_pca10056/app_usbd.o
                0x0000000000000a60                app_usbd_start
 .text.app_usbd_stop
                0x0000000000000a80       0x14 Output/Release/Obj/direct_test_mode_pca10056/app_usbd.o
                0x0000000000000a80                app_usbd_stop
 .text.app_usbd_class_append
                0x0000000000000a94       0x9c Output/Release/Obj/direct_test_mode_pca10056/app_usbd.o
                0x0000000000000a94                app_usbd_class_append
 .text.app_usbd_class_rwu_enabled_check
                0x0000000000000b30       0x10 Output/Release/Obj/direct_test_mode_pca10056/app_usbd.o
                0x0000000000000b30                app_usbd_class_rwu_enabled_check
 .text.app_usbd_ep_enable
                0x0000000000000b40       0x1c Output/Release/Obj/direct_test_mode_pca10056/app_usbd.o
                0x0000000000000b40                app_usbd_ep_enable
 .text.app_usbd_ep_disable
                0x0000000000000b5c        0x4 Output/Release/Obj/direct_test_mode_pca10056/app_usbd.o
                0x0000000000000b5c                app_usbd_ep_disable
 .text.app_usbd_class_first_get
                0x0000000000000b60        0xc Output/Release/Obj/direct_test_mode_pca10056/app_usbd.o
                0x0000000000000b60                app_usbd_class_first_get
 .text.app_usbd_iface_find
                0x0000000000000b6c       0x30 Output/Release/Obj/direct_test_mode_pca10056/app_usbd.o
                0x0000000000000b6c                app_usbd_iface_find
 .text.app_usbd_iface_call
                0x0000000000000b9c        0x6 Output/Release/Obj/direct_test_mode_pca10056/app_usbd.o
                0x0000000000000b9c                app_usbd_iface_call
 .text.app_usbd_ep_call
                0x0000000000000ba2       0x1e Output/Release/Obj/direct_test_mode_pca10056/app_usbd.o
                0x0000000000000ba2                app_usbd_ep_call
 .text.app_usbd_all_call
                0x0000000000000bc0       0x1c Output/Release/Obj/direct_test_mode_pca10056/app_usbd.o
                0x0000000000000bc0                app_usbd_all_call
 .text.app_usbd_all_until_served_call
                0x0000000000000bdc       0x24 Output/Release/Obj/direct_test_mode_pca10056/app_usbd.o
                0x0000000000000bdc                app_usbd_all_until_served_call
 .text.app_usbd_ep_transfer
                0x0000000000000c00       0x2c Output/Release/Obj/direct_test_mode_pca10056/app_usbd.o
                0x0000000000000c00                app_usbd_ep_transfer
 .text.app_usbd_ep_handled_transfer
                0x0000000000000c2c       0x2c Output/Release/Obj/direct_test_mode_pca10056/app_usbd.o
                0x0000000000000c2c                app_usbd_ep_handled_transfer
 .text.app_usbd_iface_select
                0x0000000000000c58       0x54 Output/Release/Obj/direct_test_mode_pca10056/app_usbd.o
                0x0000000000000c58                app_usbd_iface_select
 .text.app_usbd_iface_deselect
                0x0000000000000cac       0x48 Output/Release/Obj/direct_test_mode_pca10056/app_usbd.o
                0x0000000000000cac                app_usbd_iface_deselect
 .text.app_usbd_iface_selection_get
                0x0000000000000cf4        0xc Output/Release/Obj/direct_test_mode_pca10056/app_usbd.o
                0x0000000000000cf4                app_usbd_iface_selection_get
 .text.app_usbd_all_iface_select_0
                0x0000000000000d00       0x28 Output/Release/Obj/direct_test_mode_pca10056/app_usbd.o
                0x0000000000000d00                app_usbd_all_iface_select_0
 .text.app_usbd_all_iface_deselect
                0x0000000000000d28       0x28 Output/Release/Obj/direct_test_mode_pca10056/app_usbd.o
                0x0000000000000d28                app_usbd_all_iface_deselect
 .text.app_usbd_event_execute
                0x0000000000000d50      0x248 Output/Release/Obj/direct_test_mode_pca10056/app_usbd.o
                0x0000000000000d50                app_usbd_event_execute
 .text.app_usbd_event_queue_process
                0x0000000000000f98       0xa0 Output/Release/Obj/direct_test_mode_pca10056/app_usbd.o
                0x0000000000000f98                app_usbd_event_queue_process
 .text.setup_data_handler_empty
                0x0000000000001038        0x4 Output/Release/Obj/direct_test_mode_pca10056/app_usbd_core.o
 .text.usbd_descriptor_conf_feeder
                0x000000000000103c       0xf4 Output/Release/Obj/direct_test_mode_pca10056/app_usbd_core.o
 .text.usbd_core_state_set
                0x0000000000001130       0x30 Output/Release/Obj/direct_test_mode_pca10056/app_usbd_core.o
 .text.app_usbd_core_ep0_enable
                0x0000000000001160       0x12 Output/Release/Obj/direct_test_mode_pca10056/app_usbd_core.o
                0x0000000000001160                app_usbd_core_ep0_enable
 .text.app_usbd_core_ep0_disable
                0x0000000000001172       0x12 Output/Release/Obj/direct_test_mode_pca10056/app_usbd_core.o
                0x0000000000001172                app_usbd_core_ep0_disable
 .text.app_usbd_core_setup_data_handler_set
                0x0000000000001184       0x24 Output/Release/Obj/direct_test_mode_pca10056/app_usbd_core.o
                0x0000000000001184                app_usbd_core_setup_data_handler_set
 .text.app_usbd_core_setup_rsp
                0x00000000000011a8       0x60 Output/Release/Obj/direct_test_mode_pca10056/app_usbd_core.o
                0x00000000000011a8                app_usbd_core_setup_rsp
 .text.app_usbd_core_event_handler
                0x0000000000001208      0x438 Output/Release/Obj/direct_test_mode_pca10056/app_usbd_core.o
 .text.app_usbd_core_setup_transfer_buff_get
                0x0000000000001640       0x10 Output/Release/Obj/direct_test_mode_pca10056/app_usbd_core.o
                0x0000000000001640                app_usbd_core_setup_transfer_buff_get
 .text.app_usbd_serial_num_generate
                0x0000000000001650       0x50 Output/Release/Obj/direct_test_mode_pca10056/app_usbd_serial_num.o
                0x0000000000001650                app_usbd_serial_num_generate
 .text.app_usbd_prepare_string.constprop.0
                0x00000000000016a0       0x40 Output/Release/Obj/direct_test_mode_pca10056/app_usbd_string_desc.o
 .text.app_usbd_string_desc_get
                0x00000000000016e0       0x3c Output/Release/Obj/direct_test_mode_pca10056/app_usbd_string_desc.o
                0x00000000000016e0                app_usbd_string_desc_get
 .text.user_event_handler
                0x000000000000171c        0x8 Output/Release/Obj/direct_test_mode_pca10056/app_usbd_cdc_acm.o
 .text.cdc_acm_reset_port
                0x0000000000001724       0x1a Output/Release/Obj/direct_test_mode_pca10056/app_usbd_cdc_acm.o
 .text.cdc_acm_consumer
                0x000000000000173e       0x30 Output/Release/Obj/direct_test_mode_pca10056/app_usbd_cdc_acm.o
 .text.cdc_acm_req_out_data_cb
                0x000000000000176e       0x22 Output/Release/Obj/direct_test_mode_pca10056/app_usbd_cdc_acm.o
 .text.cdc_acm_feed_descriptors
                0x0000000000001790      0x680 Output/Release/Obj/direct_test_mode_pca10056/app_usbd_cdc_acm.o
 .text.data_ep_out_addr_get
                0x0000000000001e10       0x24 Output/Release/Obj/direct_test_mode_pca10056/app_usbd_cdc_acm.o
 .text.cdc_acm_event_handler
                0x0000000000001e34      0x2ac Output/Release/Obj/direct_test_mode_pca10056/app_usbd_cdc_acm.o
 .text.app_usbd_cdc_acm_write
                0x00000000000020e0       0x42 Output/Release/Obj/direct_test_mode_pca10056/app_usbd_cdc_acm.o
                0x00000000000020e0                app_usbd_cdc_acm_write
 .text.app_usbd_cdc_acm_rx_size
                0x0000000000002122        0x8 Output/Release/Obj/direct_test_mode_pca10056/app_usbd_cdc_acm.o
                0x0000000000002122                app_usbd_cdc_acm_rx_size
 *fill*         0x000000000000212a        0x2 
 .text.app_usbd_cdc_acm_read
                0x000000000000212c       0x94 Output/Release/Obj/direct_test_mode_pca10056/app_usbd_cdc_acm.o
                0x000000000000212c                app_usbd_cdc_acm_read
 .text.nrf_atfifo_init
                0x00000000000021c0       0x26 Output/Release/Obj/direct_test_mode_pca10056/nrf_atfifo.o
                0x00000000000021c0                nrf_atfifo_init
 .text.nrf_atfifo_item_alloc
                0x00000000000021e6       0x54 Output/Release/Obj/direct_test_mode_pca10056/nrf_atfifo.o
                0x00000000000021e6                nrf_atfifo_item_alloc
 .text.nrf_atfifo_item_put
                0x000000000000223a       0x20 Output/Release/Obj/direct_test_mode_pca10056/nrf_atfifo.o
                0x000000000000223a                nrf_atfifo_item_put
 .text.nrf_atfifo_item_get
                0x000000000000225a       0x56 Output/Release/Obj/direct_test_mode_pca10056/nrf_atfifo.o
                0x000000000000225a                nrf_atfifo_item_get
 .text.nrf_atfifo_item_free
                0x00000000000022b0       0x20 Output/Release/Obj/direct_test_mode_pca10056/nrf_atfifo.o
                0x00000000000022b0                nrf_atfifo_item_free
 .text.bsp_board_led_off
                0x00000000000022d0       0x28 Output/Release/Obj/direct_test_mode_pca10056/boards.o
                0x00000000000022d0                bsp_board_led_off
 .text.bsp_board_leds_off
                0x00000000000022f8       0x1e Output/Release/Obj/direct_test_mode_pca10056/boards.o
                0x00000000000022f8                bsp_board_leds_off
 .text.bsp_board_init
                0x0000000000002316       0x3e Output/Release/Obj/direct_test_mode_pca10056/boards.o
                0x0000000000002316                bsp_board_init
 .text.uarte_evt_handler
                0x0000000000002354       0x34 Output/Release/Obj/direct_test_mode_pca10056/nrf_drv_uart.o
 .text.uart_evt_handler
                0x0000000000002388       0x34 Output/Release/Obj/direct_test_mode_pca10056/nrf_drv_uart.o
 .text.nrf_drv_uart_init
                0x00000000000023bc       0x7c Output/Release/Obj/direct_test_mode_pca10056/nrf_drv_uart.o
                0x00000000000023bc                nrf_drv_uart_init
 .text.nrfx_atomic_u32_fetch_and
                0x0000000000002438       0x18 Output/Release/Obj/direct_test_mode_pca10056/nrfx_atomic.o
                0x0000000000002438                nrfx_atomic_u32_fetch_and
 .text.UARTE0_UART0_IRQHandler
                0x0000000000002450        0xc Output/Release/Obj/direct_test_mode_pca10056/nrfx_prs.o
                0x0000000000002450                UARTE0_UART0_IRQHandler
 .text.nrfx_prs_acquire
                0x000000000000245c       0x38 Output/Release/Obj/direct_test_mode_pca10056/nrfx_prs.o
                0x000000000000245c                nrfx_prs_acquire
 .text.nrf_uart_event_clear
                0x0000000000002494       0x10 Output/Release/Obj/direct_test_mode_pca10056/nrfx_uart.o
 .text.tx_byte  0x00000000000024a4       0x1e Output/Release/Obj/direct_test_mode_pca10056/nrfx_uart.o
 .text.rx_enable
                0x00000000000024c2       0x20 Output/Release/Obj/direct_test_mode_pca10056/nrfx_uart.o
 .text.rx_byte  0x00000000000024e2       0x2c Output/Release/Obj/direct_test_mode_pca10056/nrfx_uart.o
 *fill*         0x000000000000250e        0x2 
 .text.rx_done_event.constprop.0
                0x0000000000002510       0x20 Output/Release/Obj/direct_test_mode_pca10056/nrfx_uart.o
 .text.nrfx_uart_0_irq_handler
                0x0000000000002530      0x140 Output/Release/Obj/direct_test_mode_pca10056/nrfx_uart.o
                0x0000000000002530                nrfx_uart_0_irq_handler
 .text.nrfx_uart_init
                0x0000000000002670      0x1a0 Output/Release/Obj/direct_test_mode_pca10056/nrfx_uart.o
                0x0000000000002670                nrfx_uart_init
 .text.nrfx_uart_tx_in_progress
                0x0000000000002810       0x18 Output/Release/Obj/direct_test_mode_pca10056/nrfx_uart.o
                0x0000000000002810                nrfx_uart_tx_in_progress
 .text.nrfx_uart_tx
                0x0000000000002828       0xa0 Output/Release/Obj/direct_test_mode_pca10056/nrfx_uart.o
                0x0000000000002828                nrfx_uart_tx
 .text.nrfx_uart_rx
                0x00000000000028c8       0xf4 Output/Release/Obj/direct_test_mode_pca10056/nrfx_uart.o
                0x00000000000028c8                nrfx_uart_rx
 .text.nrf_uarte_event_clear
                0x00000000000029bc       0x10 Output/Release/Obj/direct_test_mode_pca10056/nrfx_uarte.o
 .text.rx_done_event.constprop.0
                0x00000000000029cc       0x20 Output/Release/Obj/direct_test_mode_pca10056/nrfx_uarte.o
 .text.nrfx_uarte_0_irq_handler
                0x00000000000029ec      0x118 Output/Release/Obj/direct_test_mode_pca10056/nrfx_uarte.o
                0x00000000000029ec                nrfx_uarte_0_irq_handler
 .text.nrfx_uarte_init
                0x0000000000002b04      0x1b8 Output/Release/Obj/direct_test_mode_pca10056/nrfx_uarte.o
                0x0000000000002b04                nrfx_uarte_init
 .text.nrfx_uarte_tx_in_progress
                0x0000000000002cbc       0x18 Output/Release/Obj/direct_test_mode_pca10056/nrfx_uarte.o
                0x0000000000002cbc                nrfx_uarte_tx_in_progress
 .text.nrfx_uarte_tx
                0x0000000000002cd4       0x9c Output/Release/Obj/direct_test_mode_pca10056/nrfx_uarte.o
                0x0000000000002cd4                nrfx_uarte_tx
 .text.nrfx_uarte_rx
                0x0000000000002d70       0xd8 Output/Release/Obj/direct_test_mode_pca10056/nrfx_uarte.o
                0x0000000000002d70                nrfx_uarte_rx
 .text.clock_clk_started_notify
                0x0000000000002e48       0x24 Output/Release/Obj/direct_test_mode_pca10056/nrf_drv_clock.o
 .text.clock_irq_handler
                0x0000000000002e6c       0x1c Output/Release/Obj/direct_test_mode_pca10056/nrf_drv_clock.o
 .text.nrf_drv_clock_init
                0x0000000000002e88       0x40 Output/Release/Obj/direct_test_mode_pca10056/nrf_drv_clock.o
                0x0000000000002e88                nrf_drv_clock_init
 .text.nrf_drv_clock_lfclk_request
                0x0000000000002ec8       0x54 Output/Release/Obj/direct_test_mode_pca10056/nrf_drv_clock.o
                0x0000000000002ec8                nrf_drv_clock_lfclk_request
 .text.nrf_drv_clock_lfclk_is_running
                0x0000000000002f1c        0xe Output/Release/Obj/direct_test_mode_pca10056/nrf_drv_clock.o
                0x0000000000002f1c                nrf_drv_clock_lfclk_is_running
 *fill*         0x0000000000002f2a        0x2 
 .text.nrf_drv_clock_hfclk_request
                0x0000000000002f2c       0x54 Output/Release/Obj/direct_test_mode_pca10056/nrf_drv_clock.o
                0x0000000000002f2c                nrf_drv_clock_hfclk_request
 .text.nrf_drv_clock_hfclk_release
                0x0000000000002f80       0x28 Output/Release/Obj/direct_test_mode_pca10056/nrf_drv_clock.o
                0x0000000000002f80                nrf_drv_clock_hfclk_release
 .text.nrf_drv_power_init
                0x0000000000002fa8       0x28 Output/Release/Obj/direct_test_mode_pca10056/nrf_drv_power.o
                0x0000000000002fa8                nrf_drv_power_init
 .text.nrf_drv_power_usbevt_uninit
                0x0000000000002fd0        0xe Output/Release/Obj/direct_test_mode_pca10056/nrf_drv_power.o
                0x0000000000002fd0                nrf_drv_power_usbevt_uninit
 .text.nrf_drv_power_usbevt_init
                0x0000000000002fde       0x1a Output/Release/Obj/direct_test_mode_pca10056/nrf_drv_power.o
                0x0000000000002fde                nrf_drv_power_usbevt_init
 .text.nrf_clock_event_clear
                0x0000000000002ff8       0x14 Output/Release/Obj/direct_test_mode_pca10056/nrfx_clock.o
 .text.nrfx_clock_init
                0x000000000000300c       0x18 Output/Release/Obj/direct_test_mode_pca10056/nrfx_clock.o
                0x000000000000300c                nrfx_clock_init
 .text.nrfx_clock_enable
                0x0000000000003024       0x2c Output/Release/Obj/direct_test_mode_pca10056/nrfx_clock.o
                0x0000000000003024                nrfx_clock_enable
 .text.nrfx_clock_lfclk_start
                0x0000000000003050       0x1a Output/Release/Obj/direct_test_mode_pca10056/nrfx_clock.o
                0x0000000000003050                nrfx_clock_lfclk_start
 .text.nrfx_clock_hfclk_start
                0x000000000000306a       0x18 Output/Release/Obj/direct_test_mode_pca10056/nrfx_clock.o
                0x000000000000306a                nrfx_clock_hfclk_start
 *fill*         0x0000000000003082        0x2 
 .text.nrfx_clock_hfclk_stop
                0x0000000000003084       0x30 Output/Release/Obj/direct_test_mode_pca10056/nrfx_clock.o
                0x0000000000003084                nrfx_clock_hfclk_stop
 .text.nrfx_clock_irq_handler
                0x00000000000030b4       0x50 Output/Release/Obj/direct_test_mode_pca10056/nrfx_clock.o
                0x00000000000030b4                nrfx_clock_irq_handler
 .text.nrf_power_event_get_and_clear
                0x0000000000003104       0x20 Output/Release/Obj/direct_test_mode_pca10056/nrfx_power.o
 .text.nrfx_power_init
                0x0000000000003124       0x44 Output/Release/Obj/direct_test_mode_pca10056/nrfx_power.o
                0x0000000000003124                nrfx_power_init
 .text.nrfx_power_usbevt_init
                0x0000000000003168        0xc Output/Release/Obj/direct_test_mode_pca10056/nrfx_power.o
                0x0000000000003168                nrfx_power_usbevt_init
 .text.nrfx_power_usbevt_enable
                0x0000000000003174        0xe Output/Release/Obj/direct_test_mode_pca10056/nrfx_power.o
                0x0000000000003174                nrfx_power_usbevt_enable
 .text.nrfx_power_usbevt_disable
                0x0000000000003182        0xe Output/Release/Obj/direct_test_mode_pca10056/nrfx_power.o
                0x0000000000003182                nrfx_power_usbevt_disable
 .text.nrfx_power_usbevt_uninit
                0x0000000000003190        0xc Output/Release/Obj/direct_test_mode_pca10056/nrfx_power.o
                0x0000000000003190                nrfx_power_usbevt_uninit
 .text.nrfx_power_irq_handler
                0x000000000000319c       0xa0 Output/Release/Obj/direct_test_mode_pca10056/nrfx_power.o
                0x000000000000319c                nrfx_power_irq_handler
 .text.POWER_CLOCK_IRQHandler
                0x000000000000323c        0xe Output/Release/Obj/direct_test_mode_pca10056/nrfx_power.o
                0x000000000000323c                POWER_CLOCK_IRQHandler
 *fill*         0x000000000000324a        0x2 
 .text.nrf_usbd_ep_is_stall
                0x000000000000324c       0x34 Output/Release/Obj/direct_test_mode_pca10056/nrfx_usbd.o
 .text.nrf_usbd_epout_size_get
                0x0000000000003280       0x28 Output/Release/Obj/direct_test_mode_pca10056/nrfx_usbd.o
 .text.nrf52_errata_166
                0x00000000000032a8       0x12 Output/Release/Obj/direct_test_mode_pca10056/nrfx_usbd.o
 *fill*         0x00000000000032ba        0x2 
 .text.nrf52_errata_187
                0x00000000000032bc       0x28 Output/Release/Obj/direct_test_mode_pca10056/nrfx_usbd.o
 .text.nrfx_usbd_consumer
                0x00000000000032e4       0x2e Output/Release/Obj/direct_test_mode_pca10056/nrfx_usbd.o
                0x00000000000032e4                nrfx_usbd_consumer
 .text.nrfx_usbd_feeder_ram
                0x0000000000003312       0x22 Output/Release/Obj/direct_test_mode_pca10056/nrfx_usbd.o
                0x0000000000003312                nrfx_usbd_feeder_ram
 .text.nrfx_usbd_feeder_ram_zlp
                0x0000000000003334       0x2a Output/Release/Obj/direct_test_mode_pca10056/nrfx_usbd.o
                0x0000000000003334                nrfx_usbd_feeder_ram_zlp
 *fill*         0x000000000000335e        0x2 
 .text.ep_state_access
                0x0000000000003360       0x1c Output/Release/Obj/direct_test_mode_pca10056/nrfx_usbd.o
 .text.ep2bit   0x000000000000337c       0x12 Output/Release/Obj/direct_test_mode_pca10056/nrfx_usbd.o
 *fill*         0x000000000000338e        0x2 
 .text.usbd_dma_pending_clear
                0x0000000000003390       0x20 Output/Release/Obj/direct_test_mode_pca10056/nrfx_usbd.o
 .text.ev_usbreset_handler
                0x00000000000033b0       0x34 Output/Release/Obj/direct_test_mode_pca10056/nrfx_usbd.o
 .text.ev_started_handler
                0x00000000000033e4        0x2 Output/Release/Obj/direct_test_mode_pca10056/nrfx_usbd.o
 *fill*         0x00000000000033e6        0x2 
 .text.nrfx_usbd_feeder_flash
                0x00000000000033e8       0x38 Output/Release/Obj/direct_test_mode_pca10056/nrfx_usbd.o
                0x00000000000033e8                nrfx_usbd_feeder_flash
 .text.nrfx_usbd_feeder_flash_zlp
                0x0000000000003420       0x40 Output/Release/Obj/direct_test_mode_pca10056/nrfx_usbd.o
                0x0000000000003420                nrfx_usbd_feeder_flash_zlp
 .text.usbd_errata_187_211_begin
                0x0000000000003460       0x38 Output/Release/Obj/direct_test_mode_pca10056/nrfx_usbd.o
 .text.usbd_errata_187_211_end
                0x0000000000003498       0x38 Output/Release/Obj/direct_test_mode_pca10056/nrfx_usbd.o
 .text.nrf_usbd_epin_dma_handler
                0x00000000000034d0       0x38 Output/Release/Obj/direct_test_mode_pca10056/nrfx_usbd.o
 .text.ev_dma_epin7_handler
                0x0000000000003508        0x6 Output/Release/Obj/direct_test_mode_pca10056/nrfx_usbd.o
 .text.ev_dma_epin6_handler
                0x000000000000350e        0x6 Output/Release/Obj/direct_test_mode_pca10056/nrfx_usbd.o
 .text.ev_dma_epin5_handler
                0x0000000000003514        0x6 Output/Release/Obj/direct_test_mode_pca10056/nrfx_usbd.o
 .text.ev_dma_epin4_handler
                0x000000000000351a        0x6 Output/Release/Obj/direct_test_mode_pca10056/nrfx_usbd.o
 .text.ev_dma_epin3_handler
                0x0000000000003520        0x6 Output/Release/Obj/direct_test_mode_pca10056/nrfx_usbd.o
 .text.ev_dma_epin2_handler
                0x0000000000003526        0x6 Output/Release/Obj/direct_test_mode_pca10056/nrfx_usbd.o
 .text.ev_dma_epin1_handler
                0x000000000000352c        0x6 Output/Release/Obj/direct_test_mode_pca10056/nrfx_usbd.o
 *fill*         0x0000000000003532        0x2 
 .text.nrf_usbd_ep0in_dma_handler
                0x0000000000003534       0x30 Output/Release/Obj/direct_test_mode_pca10056/nrfx_usbd.o
 .text.usbd_ep_data_handler
                0x0000000000003564       0x94 Output/Release/Obj/direct_test_mode_pca10056/nrfx_usbd.o
 .text.ev_setup_data_handler
                0x00000000000035f8       0x1c Output/Release/Obj/direct_test_mode_pca10056/nrfx_usbd.o
 .text.ev_dma_epin0_handler
                0x0000000000003614        0x4 Output/Release/Obj/direct_test_mode_pca10056/nrfx_usbd.o
 .text.ev_sof_handler
                0x0000000000003618       0x44 Output/Release/Obj/direct_test_mode_pca10056/nrfx_usbd.o
 .text.ev_dma_epout8_handler
                0x000000000000365c       0x48 Output/Release/Obj/direct_test_mode_pca10056/nrfx_usbd.o
 .text.ev_dma_epin8_handler
                0x00000000000036a4       0x58 Output/Release/Obj/direct_test_mode_pca10056/nrfx_usbd.o
 .text.usbd_dmareq_process
                0x00000000000036fc      0x198 Output/Release/Obj/direct_test_mode_pca10056/nrfx_usbd.o
 .text.nrf_usbd_epout_dma_handler
                0x0000000000003894       0x68 Output/Release/Obj/direct_test_mode_pca10056/nrfx_usbd.o
 .text.ev_dma_epout7_handler
                0x00000000000038fc        0x6 Output/Release/Obj/direct_test_mode_pca10056/nrfx_usbd.o
 .text.ev_dma_epout6_handler
                0x0000000000003902        0x6 Output/Release/Obj/direct_test_mode_pca10056/nrfx_usbd.o
 .text.ev_dma_epout5_handler
                0x0000000000003908        0x6 Output/Release/Obj/direct_test_mode_pca10056/nrfx_usbd.o
 .text.ev_dma_epout4_handler
                0x000000000000390e        0x6 Output/Release/Obj/direct_test_mode_pca10056/nrfx_usbd.o
 .text.ev_dma_epout3_handler
                0x0000000000003914        0x6 Output/Release/Obj/direct_test_mode_pca10056/nrfx_usbd.o
 .text.ev_dma_epout2_handler
                0x000000000000391a        0x6 Output/Release/Obj/direct_test_mode_pca10056/nrfx_usbd.o
 .text.ev_dma_epout1_handler
                0x0000000000003920        0x6 Output/Release/Obj/direct_test_mode_pca10056/nrfx_usbd.o
 *fill*         0x0000000000003926        0x2 
 .text.ev_epdata_handler
                0x0000000000003928       0x54 Output/Release/Obj/direct_test_mode_pca10056/nrfx_usbd.o
 .text.ev_usbevent_handler
                0x000000000000397c       0xa4 Output/Release/Obj/direct_test_mode_pca10056/nrfx_usbd.o
 .text.nrfx_usbd_uninit
                0x0000000000003a20       0x14 Output/Release/Obj/direct_test_mode_pca10056/nrfx_usbd.o
                0x0000000000003a20                nrfx_usbd_uninit
 .text.nrfx_usbd_enable
                0x0000000000003a34      0x130 Output/Release/Obj/direct_test_mode_pca10056/nrfx_usbd.o
                0x0000000000003a34                nrfx_usbd_enable
 .text.nrfx_usbd_start
                0x0000000000003b64       0x48 Output/Release/Obj/direct_test_mode_pca10056/nrfx_usbd.o
                0x0000000000003b64                nrfx_usbd_start
 .text.nrfx_usbd_is_initialized
                0x0000000000003bac       0x10 Output/Release/Obj/direct_test_mode_pca10056/nrfx_usbd.o
                0x0000000000003bac                nrfx_usbd_is_initialized
 .text.nrfx_usbd_is_enabled
                0x0000000000003bbc       0x14 Output/Release/Obj/direct_test_mode_pca10056/nrfx_usbd.o
                0x0000000000003bbc                nrfx_usbd_is_enabled
 .text.nrfx_usbd_wakeup_req
                0x0000000000003bd0       0x64 Output/Release/Obj/direct_test_mode_pca10056/nrfx_usbd.o
                0x0000000000003bd0                nrfx_usbd_wakeup_req
 .text.nrfx_usbd_suspend_irq_config
                0x0000000000003c34       0x14 Output/Release/Obj/direct_test_mode_pca10056/nrfx_usbd.o
                0x0000000000003c34                nrfx_usbd_suspend_irq_config
 .text.nrfx_usbd_active_irq_config
                0x0000000000003c48       0x14 Output/Release/Obj/direct_test_mode_pca10056/nrfx_usbd.o
                0x0000000000003c48                nrfx_usbd_active_irq_config
 .text.nrfx_usbd_force_bus_wakeup
                0x0000000000003c5c        0xc Output/Release/Obj/direct_test_mode_pca10056/nrfx_usbd.o
                0x0000000000003c5c                nrfx_usbd_force_bus_wakeup
 .text.nrfx_usbd_ep_max_packet_size_set
                0x0000000000003c68        0xa Output/Release/Obj/direct_test_mode_pca10056/nrfx_usbd.o
                0x0000000000003c68                nrfx_usbd_ep_max_packet_size_set
 *fill*         0x0000000000003c72        0x2 
 .text.nrfx_usbd_init
                0x0000000000003c74       0x80 Output/Release/Obj/direct_test_mode_pca10056/nrfx_usbd.o
                0x0000000000003c74                nrfx_usbd_init
 .text.nrfx_usbd_ep_max_packet_size_get
                0x0000000000003cf4        0xa Output/Release/Obj/direct_test_mode_pca10056/nrfx_usbd.o
                0x0000000000003cf4                nrfx_usbd_ep_max_packet_size_get
 *fill*         0x0000000000003cfe        0x2 
 .text.nrfx_usbd_ep_enable_check
                0x0000000000003d00       0x20 Output/Release/Obj/direct_test_mode_pca10056/nrfx_usbd.o
                0x0000000000003d00                nrfx_usbd_ep_enable_check
 .text.nrfx_usbd_ep_transfer
                0x0000000000003d20       0xe8 Output/Release/Obj/direct_test_mode_pca10056/nrfx_usbd.o
                0x0000000000003d20                nrfx_usbd_ep_transfer
 .text.nrfx_usbd_ep_handled_transfer
                0x0000000000003e08       0x80 Output/Release/Obj/direct_test_mode_pca10056/nrfx_usbd.o
                0x0000000000003e08                nrfx_usbd_ep_handled_transfer
 .text.nrfx_usbd_feeder_buffer_get
                0x0000000000003e88        0x8 Output/Release/Obj/direct_test_mode_pca10056/nrfx_usbd.o
                0x0000000000003e88                nrfx_usbd_feeder_buffer_get
 .text.nrfx_usbd_ep_stall
                0x0000000000003e90       0x18 Output/Release/Obj/direct_test_mode_pca10056/nrfx_usbd.o
                0x0000000000003e90                nrfx_usbd_ep_stall
 .text.nrfx_usbd_ep_stall_check
                0x0000000000003ea8        0x4 Output/Release/Obj/direct_test_mode_pca10056/nrfx_usbd.o
                0x0000000000003ea8                nrfx_usbd_ep_stall_check
 .text.nrfx_usbd_ep_dtoggle_clear
                0x0000000000003eac       0x20 Output/Release/Obj/direct_test_mode_pca10056/nrfx_usbd.o
                0x0000000000003eac                nrfx_usbd_ep_dtoggle_clear
 .text.nrfx_usbd_setup_get
                0x0000000000003ecc       0x44 Output/Release/Obj/direct_test_mode_pca10056/nrfx_usbd.o
                0x0000000000003ecc                nrfx_usbd_setup_get
 .text.nrfx_usbd_setup_data_clear
                0x0000000000003f10       0x14 Output/Release/Obj/direct_test_mode_pca10056/nrfx_usbd.o
                0x0000000000003f10                nrfx_usbd_setup_data_clear
 .text.ev_dma_epout0_handler
                0x0000000000003f24       0x58 Output/Release/Obj/direct_test_mode_pca10056/nrfx_usbd.o
 .text.nrfx_usbd_setup_clear
                0x0000000000003f7c       0x14 Output/Release/Obj/direct_test_mode_pca10056/nrfx_usbd.o
                0x0000000000003f7c                nrfx_usbd_setup_clear
 .text.nrfx_usbd_setup_stall
                0x0000000000003f90       0x14 Output/Release/Obj/direct_test_mode_pca10056/nrfx_usbd.o
                0x0000000000003f90                nrfx_usbd_setup_stall
 .text.nrfx_usbd_last_setup_dir_get
                0x0000000000003fa4        0xc Output/Release/Obj/direct_test_mode_pca10056/nrfx_usbd.o
                0x0000000000003fa4                nrfx_usbd_last_setup_dir_get
 .text.nrfx_usbd_transfer_out_drop
                0x0000000000003fb0       0x50 Output/Release/Obj/direct_test_mode_pca10056/nrfx_usbd.o
                0x0000000000003fb0                nrfx_usbd_transfer_out_drop
 .text.usbd_ep_abort
                0x0000000000004000       0xe8 Output/Release/Obj/direct_test_mode_pca10056/nrfx_usbd.o
 .text.nrfx_usbd_ep_abort
                0x00000000000040e8        0x4 Output/Release/Obj/direct_test_mode_pca10056/nrfx_usbd.o
                0x00000000000040e8                nrfx_usbd_ep_abort
 .text.ev_setup_handler
                0x00000000000040ec       0x78 Output/Release/Obj/direct_test_mode_pca10056/nrfx_usbd.o
 .text.USBD_IRQHandler
                0x0000000000004164       0x80 Output/Release/Obj/direct_test_mode_pca10056/nrfx_usbd.o
                0x0000000000004164                USBD_IRQHandler
 .text.usbd_ep_abort_all
                0x00000000000041e4       0x58 Output/Release/Obj/direct_test_mode_pca10056/nrfx_usbd.o
 .text.nrfx_usbd_stop
                0x000000000000423c       0x44 Output/Release/Obj/direct_test_mode_pca10056/nrfx_usbd.o
                0x000000000000423c                nrfx_usbd_stop
 .text.nrfx_usbd_disable
                0x0000000000004280       0x34 Output/Release/Obj/direct_test_mode_pca10056/nrfx_usbd.o
                0x0000000000004280                nrfx_usbd_disable
 .text.nrfx_usbd_suspend
                0x00000000000042b4       0x4c Output/Release/Obj/direct_test_mode_pca10056/nrfx_usbd.o
                0x00000000000042b4                nrfx_usbd_suspend
 .text.nrfx_usbd_ep_disable
                0x0000000000004300       0x64 Output/Release/Obj/direct_test_mode_pca10056/nrfx_usbd.o
                0x0000000000004300                nrfx_usbd_ep_disable
 .text.nrfx_usbd_ep_enable
                0x0000000000004364       0xa8 Output/Release/Obj/direct_test_mode_pca10056/nrfx_usbd.o
                0x0000000000004364                nrfx_usbd_ep_enable
 .text.nrfx_usbd_ep_stall_clear
                0x000000000000440c       0x28 Output/Release/Obj/direct_test_mode_pca10056/nrfx_usbd.o
                0x000000000000440c                nrfx_usbd_ep_stall_clear
 .text.uart_error_handle
                0x0000000000004434       0x12 Output/Release/Obj/direct_test_mode_pca10056/main.o
                0x0000000000004434                uart_error_handle
 *fill*         0x0000000000004446        0x2 
 .text.cdc_acm_user_ev_handler
                0x0000000000004448       0x64 Output/Release/Obj/direct_test_mode_pca10056/main.o
 .text.usbd_user_ev_handler
                0x00000000000044ac       0x44 Output/Release/Obj/direct_test_mode_pca10056/main.o
 .text.hal_usb_cdc_init
                0x00000000000044f0       0x44 Output/Release/Obj/direct_test_mode_pca10056/main.o
                0x00000000000044f0                hal_usb_cdc_init
 .text.hal_usb_cdc_write
                0x0000000000004534       0x1c Output/Release/Obj/direct_test_mode_pca10056/main.o
                0x0000000000004534                hal_usb_cdc_write
 .text.hal_usb_cdc_event_queue_process
                0x0000000000004550       0x10 Output/Release/Obj/direct_test_mode_pca10056/main.o
                0x0000000000004550                hal_usb_cdc_event_queue_process
 .text.startup.main
                0x0000000000004560       0xe0 Output/Release/Obj/direct_test_mode_pca10056/main.o
                0x0000000000004560                main
 .text.nrf_timer_event_clear
                0x0000000000004640       0x10 Output/Release/Obj/direct_test_mode_pca10056/ble_dtm.o
 .text.radio_reset
                0x0000000000004650       0x60 Output/Release/Obj/direct_test_mode_pca10056/ble_dtm.o
 .text.radio_init
                0x00000000000046b0       0x9c Output/Release/Obj/direct_test_mode_pca10056/ble_dtm.o
 .text.dtm_test_done
                0x000000000000474c       0x30 Output/Release/Obj/direct_test_mode_pca10056/ble_dtm.o
 .text.set_strict_mode
                0x000000000000477c       0x58 Output/Release/Obj/direct_test_mode_pca10056/ble_dtm.o
                0x000000000000477c                set_strict_mode
 .text.radio_prepare
                0x00000000000047d4       0xb8 Output/Release/Obj/direct_test_mode_pca10056/ble_dtm.o
 .text.anomaly_172_radio_operation
                0x000000000000488c       0x10 Output/Release/Obj/direct_test_mode_pca10056/ble_dtm.o
                0x000000000000488c                anomaly_172_radio_operation
 .text.anomaly_172_rssi_check
                0x000000000000489c       0x20 Output/Release/Obj/direct_test_mode_pca10056/ble_dtm.o
                0x000000000000489c                anomaly_172_rssi_check
 .text.dtm_init
                0x00000000000048bc      0x130 Output/Release/Obj/direct_test_mode_pca10056/ble_dtm.o
                0x00000000000048bc                dtm_init
 .text.dtm_wait
                0x00000000000049ec       0x28 Output/Release/Obj/direct_test_mode_pca10056/ble_dtm.o
                0x00000000000049ec                dtm_wait
 .text.dtm_event_get
                0x0000000000004a14       0x1c Output/Release/Obj/direct_test_mode_pca10056/ble_dtm.o
                0x0000000000004a14                dtm_event_get
 .text.dtm_set_txpower
                0x0000000000004a30       0x3c Output/Release/Obj/direct_test_mode_pca10056/ble_dtm.o
                0x0000000000004a30                dtm_set_txpower
 .text.dtm_cmd  0x0000000000004a6c      0x408 Output/Release/Obj/direct_test_mode_pca10056/ble_dtm.o
                0x0000000000004a6c                dtm_cmd
 .text.RADIO_IRQHandler
                0x0000000000004e74      0x17c Output/Release/Obj/direct_test_mode_pca10056/ble_dtm.o
                0x0000000000004e74                RADIO_IRQHandler
 .text.TIMER0_IRQHandler
                0x0000000000004ff0       0x18 Output/Release/Obj/direct_test_mode_pca10056/ble_dtm.o
                0x0000000000004ff0                TIMER0_IRQHandler
 .text.TIMER1_IRQHandler
                0x0000000000005008       0xc0 Output/Release/Obj/direct_test_mode_pca10056/ble_dtm.o
                0x0000000000005008                TIMER1_IRQHandler
 .text.dtm_turn_off_test
                0x00000000000050c8        0x2 Output/Release/Obj/direct_test_mode_pca10056/ble_dtm_hw_nrf52.o
                0x00000000000050c8                dtm_turn_off_test
 *fill*         0x00000000000050ca        0x2 
 .text.dtm_constant_carrier
                0x00000000000050cc       0x10 Output/Release/Obj/direct_test_mode_pca10056/ble_dtm_hw_nrf52.o
                0x00000000000050cc                dtm_constant_carrier
 .text.dtm_radio_validate
                0x00000000000050dc       0x34 Output/Release/Obj/direct_test_mode_pca10056/ble_dtm_hw_nrf52.o
                0x00000000000050dc                dtm_radio_validate
 .text.nrf52_errata_36
                0x0000000000005110       0x12 Output/Release/Obj/direct_test_mode_pca10056/system_nrf52840.o
 *fill*         0x0000000000005122        0x2 
 .text.nrf52_errata_98
                0x0000000000005124       0x24 Output/Release/Obj/direct_test_mode_pca10056/system_nrf52840.o
 .text.nvmc_wait
                0x0000000000005148       0x10 Output/Release/Obj/direct_test_mode_pca10056/system_nrf52840.o
                0x0000000000005148                nvmc_wait
 .text.SystemInit
                0x0000000000005158      0x1e8 Output/Release/Obj/direct_test_mode_pca10056/system_nrf52840.o
                0x0000000000005158                SystemInit
 .text.libc.__putc
                0x0000000000005340       0x34 D:/Program Files/SEGGER/SEGGER Embedded Studio for ARM 5.68/lib/libc_v7em_fpv4_sp_d16_hard_t_le_eabi.a(libc2.o)
                0x0000000000005340                __putc
 .text.libc.__RAL_print_padding
                0x0000000000005374       0x54 D:/Program Files/SEGGER/SEGGER Embedded Studio for ARM 5.68/lib/libc_v7em_fpv4_sp_d16_hard_t_le_eabi.a(libc2.o)
                0x0000000000005374                __RAL_print_padding
 .text.libc.__RAL_pre_padding
                0x00000000000053c8       0x64 D:/Program Files/SEGGER/SEGGER Embedded Studio for ARM 5.68/lib/libc_v7em_fpv4_sp_d16_hard_t_le_eabi.a(libc2.o)
                0x00000000000053c8                __RAL_pre_padding
 .text.libc.memcmp
                0x000000000000542c       0x74 D:/Program Files/SEGGER/SEGGER Embedded Studio for ARM 5.68/lib/libc_v7em_fpv4_sp_d16_hard_t_le_eabi.a(libc2.o)
                0x000000000000542c                memcmp
 .text.libc.snprintf
                0x00000000000054a0       0x2c D:/Program Files/SEGGER/SEGGER Embedded Studio for ARM 5.68/lib/libc_v7em_fpv4_sp_d16_hard_t_le_eabi.a(libc2.o)
                0x00000000000054a0                snprintf
 .text.libc.strnlen
                0x00000000000054cc       0x28 D:/Program Files/SEGGER/SEGGER Embedded Studio for ARM 5.68/lib/libc_v7em_fpv4_sp_d16_hard_t_le_eabi.a(libc2.o)
                0x00000000000054cc                strnlen
 .text.libc.memcpy
                0x00000000000054f4       0x52 D:/Program Files/SEGGER/SEGGER Embedded Studio for ARM 5.68/lib/libc_v7em_fpv4_sp_d16_hard_t_le_eabi.a(libc2_asm.o)
                0x00000000000054f4                __aeabi_memcpy
                0x00000000000054f4                memcpy
                0x0000000000005500                __aeabi_memcpy8
                0x0000000000005500                __aeabi_memcpy4
 .text.libc.memset
                0x0000000000005546       0x66 D:/Program Files/SEGGER/SEGGER Embedded Studio for ARM 5.68/lib/libc_v7em_fpv4_sp_d16_hard_t_le_eabi.a(libc2_asm.o)
                0x0000000000005546                memset
 .text.libc.strlen
                0x00000000000055ac       0x60 D:/Program Files/SEGGER/SEGGER Embedded Studio for ARM 5.68/lib/libc_v7em_fpv4_sp_d16_hard_t_le_eabi.a(libc2_asm.o)
                0x00000000000055ac                strlen
 .text.libc.__vfprintf_long
                0x000000000000560c      0x5fc D:/Program Files/SEGGER/SEGGER Embedded Studio for ARM 5.68/lib/libc_v7em_fpv4_sp_d16_hard_t_le_eabi.a(libvfprintf.o)
                0x000000000000560c                __vfprintf_long
                0x0000000000005c08                . = ALIGN (MAX ((__text_start__ + 0x4), .), 0x4)
                0x0000000000005c08                __text_end__ = (__text_start__ + SIZEOF (.text))
                0x0000000000005838                __text_size__ = SIZEOF (.text)
                0x0000000000005c08                __text_load_end__ = __text_end__

.vfp11_veneer   0x0000000100000000        0x0
 .vfp11_veneer  0x0000000100000000        0x0 linker stubs

.v4_bx          0x0000000100000000        0x0
 .v4_bx         0x0000000100000000        0x0 linker stubs

.iplt           0x0000000100000000        0x0
 .iplt          0x0000000100000000        0x0 Output/Release/Obj/direct_test_mode_pca10056/thumb_crt0.o
                0x0000000000000001                . = ASSERT (((__text_start__ == __text_end__) || ((__text_end__ - __FLASH1_segment_start__) <= __FLASH1_segment_size__)), error: .text is too large to fit in FLASH1 memory segment)
                0x0000000000005c08                __log_const_data_load_start__ = ALIGN (__text_end__, 0x4)

.log_const_data
                0x0000000000005c08        0x0
                0x0000000000005c08                __log_const_data_start__ = .
                0x0000000000005c08                __start_log_const_data = __log_const_data_start__
 *(SORT_BY_NAME(.log_const_data*))
                0x0000000000005c08                __log_const_data_end__ = (__log_const_data_start__ + SIZEOF (.log_const_data))
                0x0000000000000000                __log_const_data_size__ = SIZEOF (.log_const_data)
                0x0000000000005c08                __stop_log_const_data = __log_const_data_end__
                0x0000000000005c08                __log_const_data_load_end__ = __log_const_data_end__
                0x0000000000000001                . = ASSERT (((__log_const_data_start__ == __log_const_data_end__) || ((__log_const_data_end__ - __FLASH1_segment_start__) <= __FLASH1_segment_size__)), error: .log_const_data is too large to fit in FLASH1 memory segment)
                0x0000000000005c08                __log_backends_load_start__ = ALIGN (__log_const_data_end__, 0x4)

.log_backends   0x0000000000005c08        0x0
                0x0000000000005c08                __log_backends_start__ = .
                0x0000000000005c08                __start_log_backends = __log_backends_start__
 *(SORT_BY_NAME(.log_backends*))
                0x0000000000005c08                __log_backends_end__ = (__log_backends_start__ + SIZEOF (.log_backends))
                0x0000000000000000                __log_backends_size__ = SIZEOF (.log_backends)
                0x0000000000005c08                __stop_log_backends = __log_backends_end__
                0x0000000000005c08                __log_backends_load_end__ = __log_backends_end__
                0x0000000000000001                . = ASSERT (((__log_backends_start__ == __log_backends_end__) || ((__log_backends_end__ - __FLASH1_segment_start__) <= __FLASH1_segment_size__)), error: .log_backends is too large to fit in FLASH1 memory segment)
                0x0000000000005c08                __nrf_balloc_load_start__ = ALIGN (__log_backends_end__, 0x4)

.nrf_balloc     0x0000000000005c08        0x0
                0x0000000000005c08                __nrf_balloc_start__ = .
                0x0000000000005c08                __start_nrf_balloc = __nrf_balloc_start__
 *(.nrf_balloc*)
                0x0000000000005c08                __nrf_balloc_end__ = (__nrf_balloc_start__ + SIZEOF (.nrf_balloc))
                0x0000000000000000                __nrf_balloc_size__ = SIZEOF (.nrf_balloc)
                0x0000000000005c08                __stop_nrf_balloc = __nrf_balloc_end__
                0x0000000000005c08                __nrf_balloc_load_end__ = __nrf_balloc_end__
                0x0000000000000001                . = ASSERT (((__nrf_balloc_start__ == __nrf_balloc_end__) || ((__nrf_balloc_end__ - __FLASH1_segment_start__) <= __FLASH1_segment_size__)), error: .nrf_balloc is too large to fit in FLASH1 memory segment)
                0x0000000000005c08                __nrf_sections_load_start__ = ALIGN (__nrf_balloc_end__, 0x4)

.nrf_sections   0x0000000000005c08        0x0
                0x0000000000005c08                __nrf_sections_start__ = .
                0x0000000000005c08                __start_nrf_sections = __nrf_sections_start__
 *(.nrf_sections .nrf_sections.*)
                0x0000000000005c08                __nrf_sections_end__ = (__nrf_sections_start__ + SIZEOF (.nrf_sections))
                0x0000000000000000                __nrf_sections_size__ = SIZEOF (.nrf_sections)
                0x0000000000005c08                __nrf_sections_load_end__ = __nrf_sections_end__
                0x0000000000000001                . = ASSERT (((__nrf_sections_start__ == __nrf_sections_end__) || ((__nrf_sections_end__ - __FLASH1_segment_start__) <= __FLASH1_segment_size__)), error: .nrf_sections is too large to fit in FLASH1 memory segment)
                0x0000000000005c08                __log_dynamic_data_load_start__ = ALIGN (__nrf_sections_end__, 0x4)

.log_dynamic_data
                0x0000000020000000        0x0 load address 0x0000000000005c08
                0x0000000020000000                __log_dynamic_data_start__ = .
 *(SORT_BY_NAME(.log_dynamic_data*))
                0x0000000020000000                __log_dynamic_data_end__ = (__log_dynamic_data_start__ + SIZEOF (.log_dynamic_data))
                0x0000000000000000                __log_dynamic_data_size__ = SIZEOF (.log_dynamic_data)
                0x0000000000005c08                __log_dynamic_data_load_end__ = (__log_dynamic_data_load_start__ + SIZEOF (.log_dynamic_data))
                0x0000000000000001                . = ASSERT (((__log_dynamic_data_load_start__ == __log_dynamic_data_load_end__) || ((__log_dynamic_data_load_end__ - __FLASH1_segment_start__) <= __FLASH1_segment_size__)), error: .log_dynamic_data is too large to fit in FLASH1 memory segment)

.log_dynamic_data_run
                0x0000000020000000        0x0
                0x0000000020000000                __log_dynamic_data_run_start__ = .
                0x0000000020000000                __start_log_dynamic_data = __log_dynamic_data_run_start__
                0x0000000020000000                __log_dynamic_data_run_end__ = (__log_dynamic_data_run_start__ + SIZEOF (.log_dynamic_data))
                0x0000000000000000                __log_dynamic_data_run_size__ = (__log_dynamic_data_run_end__ - __log_dynamic_data_run_start__)
                0x0000000020000000                __stop_log_dynamic_data = __log_dynamic_data_run_end__
                0x0000000020000000                __log_dynamic_data_run_load_end__ = __log_dynamic_data_run_end__
                0x0000000000000001                . = ASSERT (((__log_dynamic_data_run_start__ == __log_dynamic_data_run_end__) || ((__log_dynamic_data_run_end__ - __RAM1_segment_start__) <= __RAM1_segment_size__)), error: .log_dynamic_data_run is too large to fit in RAM1 memory segment)
                0x0000000000005c08                __log_filter_data_load_start__ = ALIGN ((__log_dynamic_data_load_start__ + SIZEOF (.log_dynamic_data)), 0x4)

.log_filter_data
                0x0000000020000000        0x0 load address 0x0000000000005c08
                0x0000000020000000                __log_filter_data_start__ = .
 *(SORT_BY_NAME(.log_filter_data*))
                0x0000000020000000                __log_filter_data_end__ = (__log_filter_data_start__ + SIZEOF (.log_filter_data))
                0x0000000000000000                __log_filter_data_size__ = SIZEOF (.log_filter_data)
                0x0000000000005c08                __log_filter_data_load_end__ = (__log_filter_data_load_start__ + SIZEOF (.log_filter_data))
                0x0000000000000001                . = ASSERT (((__log_filter_data_load_start__ == __log_filter_data_load_end__) || ((__log_filter_data_load_end__ - __FLASH1_segment_start__) <= __FLASH1_segment_size__)), error: .log_filter_data is too large to fit in FLASH1 memory segment)

.log_filter_data_run
                0x0000000020000000        0x0
                0x0000000020000000                __log_filter_data_run_start__ = .
                0x0000000020000000                __start_log_filter_data = __log_filter_data_run_start__
                0x0000000020000000                __log_filter_data_run_end__ = (__log_filter_data_run_start__ + SIZEOF (.log_filter_data))
                0x0000000000000000                __log_filter_data_run_size__ = (__log_filter_data_run_end__ - __log_filter_data_run_start__)
                0x0000000020000000                __stop_log_filter_data = __log_filter_data_run_end__
                0x0000000020000000                __log_filter_data_run_load_end__ = __log_filter_data_run_end__
                0x0000000000000001                . = ASSERT (((__log_filter_data_run_start__ == __log_filter_data_run_end__) || ((__log_filter_data_run_end__ - __RAM1_segment_start__) <= __RAM1_segment_size__)), error: .log_filter_data_run is too large to fit in RAM1 memory segment)
                0x0000000020000000                __nrf_sections_run_end_load_start__ = ALIGN (__log_filter_data_run_end__, 0x4)

.nrf_sections_run_end
                0x0000000020000000        0x0
                0x0000000020000000                __nrf_sections_run_end_start__ = .
                0x0000000020000000                __end_nrf_sections_run = __nrf_sections_run_end_start__
 *(.nrf_sections_run_end .nrf_sections_run_end.*)
                0x0000000020000000                __nrf_sections_run_end_end__ = (__nrf_sections_run_end_start__ + SIZEOF (.nrf_sections_run_end))
                0x0000000000000000                __nrf_sections_run_end_size__ = SIZEOF (.nrf_sections_run_end)
                0x0000000020000000                __nrf_sections_run_end_load_end__ = __nrf_sections_run_end_end__
                0x0000000000000001                . = ASSERT (((__nrf_sections_run_end_start__ == __nrf_sections_run_end_end__) || ((__nrf_sections_run_end_end__ - __RAM1_segment_start__) <= __RAM1_segment_size__)), error: .nrf_sections_run_end is too large to fit in RAM1 memory segment)
                0x0000000000005c08                __dtors_load_start__ = ALIGN ((__log_filter_data_load_start__ + SIZEOF (.log_filter_data)), 0x4)

.dtors          0x0000000000005c08        0x0
                0x0000000000005c08                __dtors_start__ = .
 *(SORT_BY_NAME(.dtors.*))
 *(.dtors)
 *(.fini_array)
 *(SORT_BY_NAME(.fini_array.*))
                0x0000000000005c08                __dtors_end__ = (__dtors_start__ + SIZEOF (.dtors))
                0x0000000000000000                __dtors_size__ = SIZEOF (.dtors)
                0x0000000000005c08                __dtors_load_end__ = __dtors_end__
                0x0000000000000001                . = ASSERT (((__dtors_start__ == __dtors_end__) || ((__dtors_end__ - __FLASH1_segment_start__) <= __FLASH1_segment_size__)), error: .dtors is too large to fit in FLASH1 memory segment)
                0x0000000000005c08                __ctors_load_start__ = ALIGN (__dtors_end__, 0x4)

.ctors          0x0000000000005c08        0x0
                0x0000000000005c08                __ctors_start__ = .
 *(SORT_BY_NAME(.ctors.*))
 *(.ctors)
 *(.init_array)
 *(SORT_BY_NAME(.init_array.*))
                0x0000000000005c08                __ctors_end__ = (__ctors_start__ + SIZEOF (.ctors))
                0x0000000000000000                __ctors_size__ = SIZEOF (.ctors)
                0x0000000000005c08                __ctors_load_end__ = __ctors_end__
                0x0000000000000001                . = ASSERT (((__ctors_start__ == __ctors_end__) || ((__ctors_end__ - __FLASH1_segment_start__) <= __FLASH1_segment_size__)), error: .ctors is too large to fit in FLASH1 memory segment)
                0x0000000000005c08                __rodata_load_start__ = ALIGN (__ctors_end__, 0x4)

.rodata         0x0000000000005c08      0x388
                0x0000000000005c08                __rodata_start__ = .
 *(.rodata .rodata.* .gnu.linkonce.r.*)
 .rodata        0x0000000000005c08       0x20 Output/Release/Obj/direct_test_mode_pca10056/app_uart_fifo.o
 .rodata.CSWTCH.73
                0x0000000000005c28        0x7 Output/Release/Obj/direct_test_mode_pca10056/app_usbd.o
 *fill*         0x0000000000005c2f        0x1 
 .rodata.config.12
                0x0000000000005c30        0x4 Output/Release/Obj/direct_test_mode_pca10056/app_usbd.o
 .rodata.ev.10  0x0000000000005c34        0x4 Output/Release/Obj/direct_test_mode_pca10056/app_usbd.o
 .rodata.ev.11  0x0000000000005c38        0x4 Output/Release/Obj/direct_test_mode_pca10056/app_usbd.o
 .rodata.ev.9   0x0000000000005c3c        0x4 Output/Release/Obj/direct_test_mode_pca10056/app_usbd.o
 .rodata.event_setaddress.13
                0x0000000000005c40        0x4 Output/Release/Obj/direct_test_mode_pca10056/app_usbd.o
 .rodata.evt_data.2
                0x0000000000005c44        0x1 Output/Release/Obj/direct_test_mode_pca10056/app_usbd.o
 .rodata.evt_data.4
                0x0000000000005c45        0x1 Output/Release/Obj/direct_test_mode_pca10056/app_usbd.o
 .rodata.evt_data.5
                0x0000000000005c46        0x1 Output/Release/Obj/direct_test_mode_pca10056/app_usbd.o
 .rodata.evt_data.6
                0x0000000000005c47        0x1 Output/Release/Obj/direct_test_mode_pca10056/app_usbd.o
 .rodata.evt_data.7
                0x0000000000005c48        0x1 Output/Release/Obj/direct_test_mode_pca10056/app_usbd.o
 .rodata.evt_data.8
                0x0000000000005c49        0x1 Output/Release/Obj/direct_test_mode_pca10056/app_usbd.o
 *fill*         0x0000000000005c4a        0x2 
 .rodata.app_usbd_core_inst
                0x0000000000005c4c       0x10 Output/Release/Obj/direct_test_mode_pca10056/app_usbd_core.o
                0x0000000000005c4c                app_usbd_core_inst
 .rodata.evt_data.0
                0x0000000000005c5c        0x1 Output/Release/Obj/direct_test_mode_pca10056/app_usbd_core.o
 .rodata.m_configuration_dsc
                0x0000000000005c5d        0x9 Output/Release/Obj/direct_test_mode_pca10056/app_usbd_core.o
 *fill*         0x0000000000005c66        0x2 
 .rodata.m_core_methods
                0x0000000000005c68       0x14 Output/Release/Obj/direct_test_mode_pca10056/app_usbd_core.o
 .rodata.m_device_dsc
                0x0000000000005c7c       0x12 Output/Release/Obj/direct_test_mode_pca10056/app_usbd_core.o
 *fill*         0x0000000000005c8e        0x2 
 .rodata.m_setup_data_handler_empty_desc
                0x0000000000005c90        0x8 Output/Release/Obj/direct_test_mode_pca10056/app_usbd_core.o
 .rodata.usbd_descriptor_feeder_desc
                0x0000000000005c98        0x8 Output/Release/Obj/direct_test_mode_pca10056/app_usbd_core.o
 .rodata.app_usbd_serial_num_generate.str1.1
                0x0000000000005ca0        0x9 Output/Release/Obj/direct_test_mode_pca10056/app_usbd_serial_num.o
 *fill*         0x0000000000005ca9        0x1 
 .rodata.__compound_literal.1
                0x0000000000005caa        0x6 Output/Release/Obj/direct_test_mode_pca10056/app_usbd_string_desc.o
 .rodata.__compound_literal.2
                0x0000000000005cb0       0x15 Output/Release/Obj/direct_test_mode_pca10056/app_usbd_string_desc.o
 .rodata.__compound_literal.3
                0x0000000000005cc5       0x13 Output/Release/Obj/direct_test_mode_pca10056/app_usbd_string_desc.o
 .rodata.__compound_literal.4
                0x0000000000005cd8       0x16 Output/Release/Obj/direct_test_mode_pca10056/app_usbd_string_desc.o
 .rodata.__compound_literal.5
                0x0000000000005cee        0x7 Output/Release/Obj/direct_test_mode_pca10056/app_usbd_string_desc.o
 *fill*         0x0000000000005cf5        0x3 
 .rodata.m_string_dsc
                0x0000000000005cf8       0x18 Output/Release/Obj/direct_test_mode_pca10056/app_usbd_string_desc.o
 .rodata.m_string_translation
                0x0000000000005d10        0xc Output/Release/Obj/direct_test_mode_pca10056/app_usbd_string_desc.o
 .rodata.app_usbd_cdc_acm_class_methods
                0x0000000000005d1c       0x14 Output/Release/Obj/direct_test_mode_pca10056/app_usbd_cdc_acm.o
                0x0000000000005d1c                app_usbd_cdc_acm_class_methods
 .rodata.m_board_led_list
                0x0000000000005d30        0x4 Output/Release/Obj/direct_test_mode_pca10056/boards.o
 .rodata.m_drv_power_config_default
                0x0000000000005d34        0x1 Output/Release/Obj/direct_test_mode_pca10056/nrf_drv_power.o
 .rodata.CSWTCH.174
                0x0000000000005d35        0x6 Output/Release/Obj/direct_test_mode_pca10056/nrfx_usbd.o
 .rodata.epin_bitpos.1
                0x0000000000005d3b        0x9 Output/Release/Obj/direct_test_mode_pca10056/nrfx_usbd.o
 .rodata.epin_endev.3
                0x0000000000005d44       0x12 Output/Release/Obj/direct_test_mode_pca10056/nrfx_usbd.o
 .rodata.epout_bitpos.0
                0x0000000000005d56        0x9 Output/Release/Obj/direct_test_mode_pca10056/nrfx_usbd.o
 *fill*         0x0000000000005d5f        0x1 
 .rodata.epout_endev.2
                0x0000000000005d60       0x12 Output/Release/Obj/direct_test_mode_pca10056/nrfx_usbd.o
 *fill*         0x0000000000005d72        0x2 
 .rodata.m_isr  0x0000000000005d74       0x64 Output/Release/Obj/direct_test_mode_pca10056/nrfx_usbd.o
 .rodata        0x0000000000005dd8       0x18 Output/Release/Obj/direct_test_mode_pca10056/main.o
 .rodata.m_app_cdc_acm
                0x0000000000005df0       0x24 Output/Release/Obj/direct_test_mode_pca10056/main.o
                0x0000000000005df0                m_app_cdc_acm
 .rodata.usbd_config.2
                0x0000000000005e14        0xc Output/Release/Obj/direct_test_mode_pca10056/main.o
 .rodata.m_prbs_content
                0x0000000000005e20       0xff Output/Release/Obj/direct_test_mode_pca10056/ble_dtm.o
 *fill*         0x0000000000005f1f        0x1 
 .rodata.nrf_power_value
                0x0000000000005f20       0x3c Output/Release/Obj/direct_test_mode_pca10056/ble_dtm.o
                0x0000000000005f20                nrf_power_value
 .rodata.CSWTCH.15
                0x0000000000005f5c        0x6 Output/Release/Obj/direct_test_mode_pca10056/system_nrf52840.o
 .rodata.CSWTCH.6
                0x0000000000005f62        0x6 Output/Release/Obj/direct_test_mode_pca10056/system_nrf52840.o
 .rodata.libc.__RAL_hex_lc
                0x0000000000005f68       0x10 D:/Program Files/SEGGER/SEGGER Embedded Studio for ARM 5.68/lib/libc_v7em_fpv4_sp_d16_hard_t_le_eabi.a(libc2.o)
                0x0000000000005f68                __RAL_hex_lc
 .rodata.libc.__RAL_hex_uc
                0x0000000000005f78       0x10 D:/Program Files/SEGGER/SEGGER Embedded Studio for ARM 5.68/lib/libc_v7em_fpv4_sp_d16_hard_t_le_eabi.a(libc2.o)
                0x0000000000005f78                __RAL_hex_uc
 .rodata.libc.__vfprintf_int.str1.4
                0x0000000000005f88        0x7 D:/Program Files/SEGGER/SEGGER Embedded Studio for ARM 5.68/lib/libc_v7em_fpv4_sp_d16_hard_t_le_eabi.a(libvfprintf.o)
                0x0000000000005f90                . = ALIGN (MAX ((__rodata_start__ + 0x4), .), 0x4)
 *fill*         0x0000000000005f8f        0x1 
                0x0000000000005f90                __rodata_end__ = (__rodata_start__ + SIZEOF (.rodata))
                0x0000000000000388                __rodata_size__ = SIZEOF (.rodata)
                0x0000000000005f90                __rodata_load_end__ = __rodata_end__

.rel.dyn        0x0000000000005f90        0x0
 .rel.iplt      0x0000000000005f90        0x0 Output/Release/Obj/direct_test_mode_pca10056/thumb_crt0.o
                0x0000000000000001                . = ASSERT (((__rodata_start__ == __rodata_end__) || ((__rodata_end__ - __FLASH1_segment_start__) <= __FLASH1_segment_size__)), error: .rodata is too large to fit in FLASH1 memory segment)
                0x0000000000005f90                __ARM.exidx_load_start__ = ALIGN (__rodata_end__, 0x4)

.ARM.exidx      0x0000000000005f90        0x0
                0x0000000000005f90                __ARM.exidx_start__ = .
                0x0000000000005f90                __exidx_start = __ARM.exidx_start__
 *(.ARM.exidx .ARM.exidx.*)
                0x0000000000005f90                __ARM.exidx_end__ = (__ARM.exidx_start__ + SIZEOF (.ARM.exidx))
                0x0000000000000000                __ARM.exidx_size__ = SIZEOF (.ARM.exidx)
                0x0000000000005f90                __exidx_end = __ARM.exidx_end__
                0x0000000000005f90                __ARM.exidx_load_end__ = __ARM.exidx_end__
                0x0000000000000001                . = ASSERT (((__ARM.exidx_start__ == __ARM.exidx_end__) || ((__ARM.exidx_end__ - __FLASH1_segment_start__) <= __FLASH1_segment_size__)), error: .ARM.exidx is too large to fit in FLASH1 memory segment)
                0x0000000000005f90                __fast_load_start__ = ALIGN (__ARM.exidx_end__, 0x4)

.fast           0x0000000020000000        0x0 load address 0x0000000000005f90
                0x0000000020000000                __fast_start__ = .
 *(.fast .fast.*)
                0x0000000020000000                __fast_end__ = (__fast_start__ + SIZEOF (.fast))
                0x0000000000000000                __fast_size__ = SIZEOF (.fast)
                0x0000000000005f90                __fast_load_end__ = (__fast_load_start__ + SIZEOF (.fast))
                0x0000000000000001                . = ASSERT (((__fast_load_start__ == __fast_load_end__) || ((__fast_load_end__ - __FLASH1_segment_start__) <= __FLASH1_segment_size__)), error: .fast is too large to fit in FLASH1 memory segment)

.fast_run       0x0000000020000000        0x0
                0x0000000020000000                __fast_run_start__ = .
                0x0000000020000000                __fast_run_end__ = (__fast_run_start__ + SIZEOF (.fast))
                0x0000000000000000                __fast_run_size__ = (__fast_run_end__ - __fast_run_start__)
                0x0000000020000000                __fast_run_load_end__ = __fast_run_end__
                0x0000000000000001                . = ASSERT (((__fast_run_start__ == __fast_run_end__) || ((__fast_run_end__ - __RAM1_segment_start__) <= __RAM1_segment_size__)), error: .fast_run is too large to fit in RAM1 memory segment)
                0x0000000000005f90                __data_load_start__ = ALIGN ((__fast_load_start__ + SIZEOF (.fast)), 0x4)

.data           0x0000000020000000       0x28 load address 0x0000000000005f90
                0x0000000020000000                __data_start__ = .
 *(.data .data.* .gnu.linkonce.d.*)
 .data.app_uart_inst
                0x0000000020000000       0x14 Output/Release/Obj/direct_test_mode_pca10056/app_uart_fifo.o
 .data.clock_handler_item.3
                0x0000000020000014        0x8 Output/Release/Obj/direct_test_mode_pca10056/app_usbd.o
 .data.m_app_cdc_acm_ep
                0x000000002000001c        0x1 Output/Release/Obj/direct_test_mode_pca10056/main.o
 .data.m_radio_mode
                0x000000002000001d        0x1 Output/Release/Obj/direct_test_mode_pca10056/ble_dtm.o
 *fill*         0x000000002000001e        0x2 
 .data.mp_current_pdu
                0x0000000020000020        0x4 Output/Release/Obj/direct_test_mode_pca10056/ble_dtm.o
 .data.SystemCoreClock
                0x0000000020000024        0x4 Output/Release/Obj/direct_test_mode_pca10056/system_nrf52840.o
                0x0000000020000024                SystemCoreClock
                0x0000000020000028                __data_end__ = (__data_start__ + SIZEOF (.data))
                0x0000000000000028                __data_size__ = SIZEOF (.data)
                0x0000000000005fb8                __data_load_end__ = (__data_load_start__ + SIZEOF (.data))

.igot.plt       0x0000000100000000        0x0
 .igot.plt      0x0000000100000000        0x0 Output/Release/Obj/direct_test_mode_pca10056/thumb_crt0.o
                0x0000000000000001                . = ASSERT (((__data_load_start__ == __data_load_end__) || ((__data_load_end__ - __FLASH1_segment_start__) <= __FLASH1_segment_size__)), error: .data is too large to fit in FLASH1 memory segment)

.data_run       0x0000000020000000        0x0
                0x0000000020000000                __data_run_start__ = .
                0x0000000020000028                __data_run_end__ = (__data_run_start__ + SIZEOF (.data))
                0x0000000000000028                __data_run_size__ = (__data_run_end__ - __data_run_start__)
                0x0000000020000028                __data_run_load_end__ = __data_run_end__
                0x0000000000000001                . = ASSERT (((__data_run_start__ == __data_run_end__) || ((__data_run_end__ - __RAM1_segment_start__) <= __RAM1_segment_size__)), error: .data_run is too large to fit in RAM1 memory segment)
                0x0000000000005fb8                __tdata_load_start__ = ALIGN ((__data_load_start__ + SIZEOF (.data)), 0x4)

.tdata          0x0000000020000028        0x0 load address 0x0000000000005fb8
                0x0000000020000028                __tdata_start__ = .
 *(.tdata .tdata.*)
                0x0000000020000028                __tdata_end__ = (__tdata_start__ + SIZEOF (.tdata))
                0x0000000000000000                __tdata_size__ = SIZEOF (.tdata)
                0x0000000000005fb8                __tdata_load_end__ = (__tdata_load_start__ + SIZEOF (.tdata))
                0x0000000000005fb8                __FLASH1_segment_used_end__ = (ALIGN ((__data_load_start__ + SIZEOF (.data)), 0x4) + SIZEOF (.tdata))
                0x0000000000005fb8                __FLASH1_segment_used_size__ = (__FLASH1_segment_used_end__ - __FLASH1_segment_start__)
                0x0000000000000001                . = ASSERT (((__tdata_load_start__ == __tdata_load_end__) || ((__tdata_load_end__ - __FLASH1_segment_start__) <= __FLASH1_segment_size__)), error: .tdata is too large to fit in FLASH1 memory segment)

.tdata_run      0x0000000020000028        0x0
                0x0000000020000028                __tdata_run_start__ = .
                0x0000000020000028                __tdata_run_end__ = (__tdata_run_start__ + SIZEOF (.tdata))
                0x0000000000000000                __tdata_run_size__ = (__tdata_run_end__ - __tdata_run_start__)
                0x0000000020000028                __tdata_run_load_end__ = __tdata_run_end__
                0x0000000000000001                . = ASSERT (((__tdata_run_start__ == __tdata_run_end__) || ((__tdata_run_end__ - __RAM1_segment_start__) <= __RAM1_segment_size__)), error: .tdata_run is too large to fit in RAM1 memory segment)
                0x0000000020000028                __bss_load_start__ = ALIGN (__tdata_run_end__, 0x4)

.bss            0x0000000020000028      0xa34
                0x0000000020000028                __bss_start__ = .
 *(.bss .bss.* .gnu.linkonce.b.*)
 .bss.m_event_handler
                0x0000000020000028        0x4 Output/Release/Obj/direct_test_mode_pca10056/app_uart_fifo.o
 .bss.m_rx_fifo
                0x000000002000002c       0x10 Output/Release/Obj/direct_test_mode_pca10056/app_uart_fifo.o
 .bss.m_rx_ovf  0x000000002000003c        0x1 Output/Release/Obj/direct_test_mode_pca10056/app_uart_fifo.o
 *fill*         0x000000002000003d        0x3 
 .bss.m_tx_fifo
                0x0000000020000040       0x10 Output/Release/Obj/direct_test_mode_pca10056/app_uart_fifo.o
 .bss.rx_buffer
                0x0000000020000050        0x1 Output/Release/Obj/direct_test_mode_pca10056/app_uart_fifo.o
 .bss.tx_buffer
                0x0000000020000051        0x1 Output/Release/Obj/direct_test_mode_pca10056/app_uart_fifo.o
 *fill*         0x0000000020000052        0x2 
 .bss.m_in_critical_region
                0x0000000020000054        0x4 Output/Release/Obj/direct_test_mode_pca10056/app_util_platform.o
 .bss.cx.0      0x0000000020000058        0x4 Output/Release/Obj/direct_test_mode_pca10056/app_usbd.o
 .bss.m_current_conf
                0x000000002000005c        0xc Output/Release/Obj/direct_test_mode_pca10056/app_usbd.o
 .bss.m_epin_conf
                0x0000000020000068       0x48 Output/Release/Obj/direct_test_mode_pca10056/app_usbd.o
 .bss.m_epout_conf
                0x00000000200000b0       0x48 Output/Release/Obj/direct_test_mode_pca10056/app_usbd.o
 .bss.m_event_frame
                0x00000000200000f8        0x2 Output/Release/Obj/direct_test_mode_pca10056/app_usbd.o
 .bss.m_event_queue_data
                0x00000000200000fa      0x108 Output/Release/Obj/direct_test_mode_pca10056/app_usbd.o
 *fill*         0x0000000020000202        0x2 
 .bss.m_event_queue_inst
                0x0000000020000204       0x10 Output/Release/Obj/direct_test_mode_pca10056/app_usbd.o
 .bss.m_p_first_cinst
                0x0000000020000214        0x4 Output/Release/Obj/direct_test_mode_pca10056/app_usbd.o
 .bss.m_p_first_sof_cinst
                0x0000000020000218        0x4 Output/Release/Obj/direct_test_mode_pca10056/app_usbd.o
 .bss.m_p_first_sof_interrupt_cinst
                0x000000002000021c        0x4 Output/Release/Obj/direct_test_mode_pca10056/app_usbd.o
 .bss.m_rwu_registered_counter
                0x0000000020000220        0x1 Output/Release/Obj/direct_test_mode_pca10056/app_usbd.o
 *fill*         0x0000000020000221        0x3 
 .bss.m_sof_events_cnt
                0x0000000020000224        0x4 Output/Release/Obj/direct_test_mode_pca10056/app_usbd.o
 .bss.m_sustate
                0x0000000020000228        0x1 Output/Release/Obj/direct_test_mode_pca10056/app_usbd.o
 *fill*         0x0000000020000229        0x3 
 .bss.p_event_item.1
                0x000000002000022c        0x4 Output/Release/Obj/direct_test_mode_pca10056/app_usbd.o
 .bss.app_usbd_core_inst_data
                0x0000000020000230        0xc Output/Release/Obj/direct_test_mode_pca10056/app_usbd_core.o
 .bss.m_app_usbd_state
                0x000000002000023c        0x1 Output/Release/Obj/direct_test_mode_pca10056/app_usbd_core.o
 *fill*         0x000000002000023d        0x3 
 .bss.m_descriptor_conf_feed_data
                0x0000000020000240       0x18 Output/Release/Obj/direct_test_mode_pca10056/app_usbd_core.o
 .bss.m_device_features_state
                0x0000000020000258        0x1 Output/Release/Obj/direct_test_mode_pca10056/app_usbd_core.o
 *fill*         0x0000000020000259        0x3 
 .bss.m_ep0_handler_desc
                0x000000002000025c        0x8 Output/Release/Obj/direct_test_mode_pca10056/app_usbd_core.o
 .bss.m_rwu_pending
                0x0000000020000264        0x4 Output/Release/Obj/direct_test_mode_pca10056/app_usbd_core.o
 .bss.m_setup_transfer_buff
                0x0000000020000268       0x40 Output/Release/Obj/direct_test_mode_pca10056/app_usbd_core.o
 .bss.g_extern_serial_number
                0x00000000200002a8        0xd Output/Release/Obj/direct_test_mode_pca10056/app_usbd_serial_num.o
                0x00000000200002a8                g_extern_serial_number
 .bss.endpoints.2
                0x00000000200002b5        0x1 Output/Release/Obj/direct_test_mode_pca10056/app_usbd_cdc_acm.o
 .bss.i.4       0x00000000200002b6        0x1 Output/Release/Obj/direct_test_mode_pca10056/app_usbd_cdc_acm.o
 .bss.j.1       0x00000000200002b7        0x1 Output/Release/Obj/direct_test_mode_pca10056/app_usbd_cdc_acm.o
 .bss.p_cur_iface.3
                0x00000000200002b8        0x4 Output/Release/Obj/direct_test_mode_pca10056/app_usbd_cdc_acm.o
 .bss.m_contexts
                0x00000000200002bc        0x8 Output/Release/Obj/direct_test_mode_pca10056/nrf_drv_uart.o
 .bss.m_handlers
                0x00000000200002c4        0x8 Output/Release/Obj/direct_test_mode_pca10056/nrf_drv_uart.o
 .bss.nrf_drv_uart_use_easy_dma
                0x00000000200002cc        0x2 Output/Release/Obj/direct_test_mode_pca10056/nrf_drv_uart.o
                0x00000000200002cc                nrf_drv_uart_use_easy_dma
 *fill*         0x00000000200002ce        0x2 
 .bss.m_prs_box_4
                0x00000000200002d0        0x8 Output/Release/Obj/direct_test_mode_pca10056/nrfx_prs.o
 .bss.m_cb      0x00000000200002d8       0x2c Output/Release/Obj/direct_test_mode_pca10056/nrfx_uart.o
 .bss.m_cb      0x0000000020000304       0x24 Output/Release/Obj/direct_test_mode_pca10056/nrfx_uarte.o
 .bss.m_clock_cb
                0x0000000020000328       0x14 Output/Release/Obj/direct_test_mode_pca10056/nrf_drv_clock.o
 .bss.m_initialized
                0x000000002000033c        0x1 Output/Release/Obj/direct_test_mode_pca10056/nrf_drv_power.o
 *fill*         0x000000002000033d        0x3 
 .bss.m_clock_cb
                0x0000000020000340        0x8 Output/Release/Obj/direct_test_mode_pca10056/nrfx_clock.o
 .bss.nrfx_clock_irq_enabled
                0x0000000020000348        0x1 Output/Release/Obj/direct_test_mode_pca10056/nrfx_clock.o
                0x0000000020000348                nrfx_clock_irq_enabled
 *fill*         0x0000000020000349        0x3 
 .bss.m_pofwarn_handler
                0x000000002000034c        0x4 Output/Release/Obj/direct_test_mode_pca10056/nrfx_power.o
 .bss.m_sleepevt_handler
                0x0000000020000350        0x4 Output/Release/Obj/direct_test_mode_pca10056/nrfx_power.o
 .bss.m_usbevt_handler
                0x0000000020000354        0x4 Output/Release/Obj/direct_test_mode_pca10056/nrfx_power.o
 .bss.nrfx_power_irq_enabled
                0x0000000020000358        0x1 Output/Release/Obj/direct_test_mode_pca10056/nrfx_power.o
                0x0000000020000358                nrfx_power_irq_enabled
 .bss.m_bus_suspend
                0x0000000020000359        0x1 Output/Release/Obj/direct_test_mode_pca10056/nrfx_usbd.o
 .bss.m_dma_pending
                0x000000002000035a        0x1 Output/Release/Obj/direct_test_mode_pca10056/nrfx_usbd.o
 .bss.m_drv_state
                0x000000002000035b        0x1 Output/Release/Obj/direct_test_mode_pca10056/nrfx_usbd.o
 .bss.m_ep_consumer_state
                0x000000002000035c       0x6c Output/Release/Obj/direct_test_mode_pca10056/nrfx_usbd.o
                0x000000002000035c                m_ep_consumer_state
 .bss.m_ep_dma_waiting
                0x00000000200003c8        0x4 Output/Release/Obj/direct_test_mode_pca10056/nrfx_usbd.o
 .bss.m_ep_feeder_state
                0x00000000200003cc       0x6c Output/Release/Obj/direct_test_mode_pca10056/nrfx_usbd.o
                0x00000000200003cc                m_ep_feeder_state
 .bss.m_ep_ready
                0x0000000020000438        0x4 Output/Release/Obj/direct_test_mode_pca10056/nrfx_usbd.o
 .bss.m_ep_state
                0x000000002000043c      0x120 Output/Release/Obj/direct_test_mode_pca10056/nrfx_usbd.o
 .bss.m_event_handler
                0x000000002000055c        0x4 Output/Release/Obj/direct_test_mode_pca10056/nrfx_usbd.o
 .bss.m_last_setup_dir
                0x0000000020000560        0x1 Output/Release/Obj/direct_test_mode_pca10056/nrfx_usbd.o
 *fill*         0x0000000020000561        0x3 
 .bss.m_tx_buffer
                0x0000000020000564       0x40 Output/Release/Obj/direct_test_mode_pca10056/nrfx_usbd.o
 .bss.dtm_data  0x00000000200005a4        0x2 Output/Release/Obj/direct_test_mode_pca10056/main.o
                0x00000000200005a4                dtm_data
 .bss.dtm_data_index
                0x00000000200005a6        0x1 Output/Release/Obj/direct_test_mode_pca10056/main.o
                0x00000000200005a6                dtm_data_index
 *fill*         0x00000000200005a7        0x1 
 .bss.m_app_cdc_acm_data
                0x00000000200005a8       0x88 Output/Release/Obj/direct_test_mode_pca10056/main.o
 .bss.m_rx_buffer
                0x0000000020000630        0x1 Output/Release/Obj/direct_test_mode_pca10056/main.o
 .bss.m_usb_connected
                0x0000000020000631        0x1 Output/Release/Obj/direct_test_mode_pca10056/main.o
 .bss.m_usb_init
                0x0000000020000632        0x1 Output/Release/Obj/direct_test_mode_pca10056/main.o
 .bss.rx_buf.1  0x0000000020000633      0x100 Output/Release/Obj/direct_test_mode_pca10056/main.o
 .bss.tx_buf.0  0x0000000020000733      0x100 Output/Release/Obj/direct_test_mode_pca10056/main.o
 .bss.usb_rec_ok
                0x0000000020000833        0x1 Output/Release/Obj/direct_test_mode_pca10056/main.o
 .bss.anomaly_172_wa_enabled
                0x0000000020000834        0x1 Output/Release/Obj/direct_test_mode_pca10056/ble_dtm.o
 *fill*         0x0000000020000835        0x3 
 .bss.m_current_time
                0x0000000020000838        0x4 Output/Release/Obj/direct_test_mode_pca10056/ble_dtm.o
 .bss.m_event   0x000000002000083c        0x2 Output/Release/Obj/direct_test_mode_pca10056/ble_dtm.o
 .bss.m_new_event
                0x000000002000083e        0x1 Output/Release/Obj/direct_test_mode_pca10056/ble_dtm.o
 .bss.m_packetHeaderPlen
                0x000000002000083f        0x1 Output/Release/Obj/direct_test_mode_pca10056/ble_dtm.o
 .bss.m_packet_length
                0x0000000020000840        0x4 Output/Release/Obj/direct_test_mode_pca10056/ble_dtm.o
 .bss.m_packet_type
                0x0000000020000844        0x4 Output/Release/Obj/direct_test_mode_pca10056/ble_dtm.o
 .bss.m_pdu     0x0000000020000848      0x204 Output/Release/Obj/direct_test_mode_pca10056/ble_dtm.o
 .bss.m_phys_ch
                0x0000000020000a4c        0x4 Output/Release/Obj/direct_test_mode_pca10056/ble_dtm.o
 .bss.m_rx_pkt_count
                0x0000000020000a50        0x2 Output/Release/Obj/direct_test_mode_pca10056/ble_dtm.o
 .bss.m_state   0x0000000020000a52        0x1 Output/Release/Obj/direct_test_mode_pca10056/ble_dtm.o
 .bss.m_strict_mode
                0x0000000020000a53        0x1 Output/Release/Obj/direct_test_mode_pca10056/ble_dtm.o
 .bss.m_tx_power
                0x0000000020000a54        0x4 Output/Release/Obj/direct_test_mode_pca10056/ble_dtm.o
 .bss.libc.__user_format_extender
                0x0000000020000a58        0x4 D:/Program Files/SEGGER/SEGGER Embedded Studio for ARM 5.68/lib/libc_v7em_fpv4_sp_d16_hard_t_le_eabi.a(libc2.o)
                0x0000000020000a58                __user_format_extender
 *(COMMON)
                0x0000000020000a5c                __bss_end__ = (__bss_start__ + SIZEOF (.bss))
                0x0000000000000a34                __bss_size__ = SIZEOF (.bss)